<html>
<body>
<pre>
<h1>µVision Build Log</h1>
<h2>Tool Versions:</h2>
IDE-Version: µVision V5.17.0.0
Copyright (C) 2015 ARM Ltd and ARM Germany GmbH. All rights reserved.
License Information: hai MACH TRONG HAI, manh, LIC=585FJ-UXA12-LQY0Q-N699V-WBZK8-MSEFN
 
Tool Versions:
Toolchain:       MDK-ARM Standard  Version: 5.17
Toolchain Path:  C:\Keil_v5\ARM\ARMCC\Bin
C Compiler:      Armcc.exe V5.06 update 1 (build 61)
Assembler:       Armasm.exe V5.06 update 1 (build 61)
Linker/Locator:  ArmLink.exe V5.06 update 1 (build 61)
Library Manager: ArmAr.exe V5.06 update 1 (build 61)
Hex Converter:   FromElf.exe V5.06 update 1 (build 61)
CPU DLL:         SARMCM3.DLL V5.17
Dialog DLL:      DCM.DLL V1.13.4.0
Target DLL:      STLink\ST-LINKIII-KEIL_SWO.dll V2.0.18.0
Dialog DLL:      TCM.DLL V1.14.6.0
 
<h2>Project:</h2>
D:\Course\Embedded\Bai12_CAN\CAN_Transmit\CAN.uvprojx
Project File Date:  01/15/2025

<h2>Output:</h2>
*** Using Compiler 'V5.06 update 1 (build 61)', folder: 'C:\Keil_v5\ARM\ARMCC\Bin'
Build target 'Target 1'
compiling main.c...
linking...
Program Size: Code=2012 RO-data=268 RW-data=4 ZI-data=1636  
".\Objects\CAN.axf" - 0 Error(s), 0 Warning(s).

<h2>Software Packages used:</h2>

Package Vendor: ARM
                http://www.keil.com/pack/ARM.CMSIS.4.5.0.pack
                ARM::CMSIS:CORE:4.3.0
                CMSIS (Cortex Microcontroller Software Interface Standard)
   * Component: CORE Version: 4.3.0

Package Vendor: Keil
                https://www.keil.com/pack/Keil.STM32F1xx_DFP.2.4.1.pack
                Keil::Device:StdPeriph Drivers:Framework:3.6.0
                STMicroelectronics STM32F1 Series Device Support, Drivers and Examples
   * Component: Framework Version: 3.6.0
   * Component: GPIO Version: 3.6.0
   * Component: CAN Version: 3.6.0
   * Component: RCC Version: 3.6.0
   * Component: Startup Version: 1.0.0
   * Component: TIM Version: 3.6.0
   * Component: GPIO Version: 1.3

<h2>Collection of Component include folders:</h2>
  D:\Course\Embedded\Bai12_CAN\CAN_Transmit\RTE
  D:\Course\Embedded\Bai12_CAN\CAN_Transmit\RTE\Device\STM32F103C8
  C:\Keil_v5\ARM\PACK\ARM\CMSIS\4.5.0\CMSIS\Include
  C:\Keil_v5\ARM\PACK\Keil\STM32F1xx_DFP\2.4.1\Device\Include
  C:\Keil_v5\ARM\PACK\Keil\STM32F1xx_DFP\2.4.1\Device\StdPeriph_Driver\inc
  C:\Keil_v5\ARM\PACK\Keil\STM32F1xx_DFP\2.4.1\RTE_Driver

<h2>Collection of Component Files used:</h2>

   * Component: ARM::CMSIS:CORE:4.3.0

   * Component: Keil::Device:StdPeriph Drivers:Framework:3.6.0
      Include file:  Device\StdPeriph_Driver\inc\misc.h
      Include file:  Device\StdPeriph_Driver\templates\stm32f10x_it.h
      Source file:   Device\StdPeriph_Driver\src\misc.c
      Source file:   Device\StdPeriph_Driver\templates\stm32f10x_it.c
      Source file:   Device\StdPeriph_Driver\templates\stm32f10x_conf.h

   * Component: Keil::Device:StdPeriph Drivers:GPIO:3.6.0
      Include file:  Device\StdPeriph_Driver\inc\stm32f10x_gpio.h
      Source file:   Device\StdPeriph_Driver\src\stm32f10x_gpio.c

   * Component: Keil::Device:StdPeriph Drivers:CAN:3.6.0
      Source file:   Device\StdPeriph_Driver\src\stm32f10x_can.c
      Include file:  Device\StdPeriph_Driver\inc\stm32f10x_can.h

   * Component: Keil::Device:StdPeriph Drivers:RCC:3.6.0
      Include file:  Device\StdPeriph_Driver\inc\stm32f10x_rcc.h
      Source file:   Device\StdPeriph_Driver\src\stm32f10x_rcc.c

   * Component: Keil::Device:Startup:1.0.0
      Include file:  RTE_Driver\Config\RTE_Device.h
      Source file:   Device\Source\ARM\STM32F1xx_OPT.s
      Source file:   Device\Source\ARM\startup_stm32f10x_md.s
      Source file:   Device\Source\system_stm32f10x.c

   * Component: Keil::Device:StdPeriph Drivers:TIM:3.6.0
      Source file:   Device\StdPeriph_Driver\src\stm32f10x_tim.c
      Include file:  Device\StdPeriph_Driver\inc\stm32f10x_tim.h

   * Component: Keil::Device:GPIO:1.3
      Source file:   RTE_Driver\GPIO_STM32F10x.c
      Include file:  RTE_Driver\GPIO_STM32F10x.h
Build Time Elapsed:  00:00:01
</pre>
</body>
</html>
