Component: ARM Compiler 5.06 update 1 (build 61) Tool: armlink [4d35a8]

==============================================================================

Section Cross References

    spi.o(i.Spi_AsyncTransmit) refers to spi.o(i.Spi_Hw_WaitTransmitBufferEmpty_SPI1) for Spi_Hw_WaitTransmitBufferEmpty_SPI1
    spi.o(i.Spi_AsyncTransmit) refers to spi.o(i.Spi_I2S_SendData_SPI1) for Spi_I2S_SendData_SPI1
    spi.o(i.Spi_AsyncTransmit) refers to spi.o(i.Spi_Hw_WaitTransmitBufferEmpty_SPI2) for Spi_Hw_WaitTransmitBufferEmpty_SPI2
    spi.o(i.Spi_AsyncTransmit) refers to spi.o(i.Spi_I2S_SendData_SPI2) for Spi_I2S_SendData_SPI2
    spi.o(i.Spi_AsyncTransmit) refers to spi.o(.data) for SpiStatus
    spi.o(i.Spi_AsyncTransmit) refers to spi.o(.bss) for Spi_Sequences
    spi.o(i.Spi_DeInit) refers to stm32f10x_spi.o(i.SPI_Cmd) for SPI_Cmd
    spi.o(i.Spi_DeInit) refers to stm32f10x_rcc.o(i.RCC_APB2PeriphClockCmd) for RCC_APB2PeriphClockCmd
    spi.o(i.Spi_DeInit) refers to stm32f10x_rcc.o(i.RCC_APB1PeriphClockCmd) for RCC_APB1PeriphClockCmd
    spi.o(i.Spi_DeInit) refers to spi.o(.data) for SpiStatus
    spi.o(i.Spi_GetStatus) refers to spi.o(i.Spi_Hw_CheckStatus_SPI1) for Spi_Hw_CheckStatus_SPI1
    spi.o(i.Spi_GetStatus) refers to spi.o(i.Spi_Hw_CheckStatus_SPI2) for Spi_Hw_CheckStatus_SPI2
    spi.o(i.Spi_GetStatus) refers to spi.o(.data) for SpiStatus
    spi.o(i.Spi_Hw_CheckStatus_SPI1) refers to stm32f10x_spi.o(i.SPI_I2S_GetFlagStatus) for SPI_I2S_GetFlagStatus
    spi.o(i.Spi_Hw_CheckStatus_SPI2) refers to stm32f10x_spi.o(i.SPI_I2S_GetFlagStatus) for SPI_I2S_GetFlagStatus
    spi.o(i.Spi_Hw_WaitReceiveBufferFull_SPI1) refers to stm32f10x_spi.o(i.SPI_I2S_GetFlagStatus) for SPI_I2S_GetFlagStatus
    spi.o(i.Spi_Hw_WaitReceiveBufferFull_SPI2) refers to stm32f10x_spi.o(i.SPI_I2S_GetFlagStatus) for SPI_I2S_GetFlagStatus
    spi.o(i.Spi_Hw_WaitTransmitBufferEmpty_SPI1) refers to stm32f10x_spi.o(i.SPI_I2S_GetFlagStatus) for SPI_I2S_GetFlagStatus
    spi.o(i.Spi_Hw_WaitTransmitBufferEmpty_SPI2) refers to stm32f10x_spi.o(i.SPI_I2S_GetFlagStatus) for SPI_I2S_GetFlagStatus
    spi.o(i.Spi_I2S_ReceiveData_SPI1) refers to stm32f10x_spi.o(i.SPI_I2S_ReceiveData) for SPI_I2S_ReceiveData
    spi.o(i.Spi_I2S_ReceiveData_SPI2) refers to stm32f10x_spi.o(i.SPI_I2S_ReceiveData) for SPI_I2S_ReceiveData
    spi.o(i.Spi_I2S_SendData_SPI1) refers to stm32f10x_spi.o(i.SPI_I2S_SendData) for SPI_I2S_SendData
    spi.o(i.Spi_I2S_SendData_SPI2) refers to stm32f10x_spi.o(i.SPI_I2S_SendData) for SPI_I2S_SendData
    spi.o(i.Spi_Init) refers to stm32f10x_rcc.o(i.RCC_APB2PeriphClockCmd) for RCC_APB2PeriphClockCmd
    spi.o(i.Spi_Init) refers to stm32f10x_gpio.o(i.GPIO_Init) for GPIO_Init
    spi.o(i.Spi_Init) refers to stm32f10x_spi.o(i.SPI_Cmd) for SPI_Cmd
    spi.o(i.Spi_Init) refers to stm32f10x_rcc.o(i.RCC_APB1PeriphClockCmd) for RCC_APB1PeriphClockCmd
    spi.o(i.Spi_Init) refers to spi.o(.data) for SpiStatus
    spi.o(i.Spi_ReadIB) refers to spi.o(i.Spi_Hw_WaitReceiveBufferFull_SPI1) for Spi_Hw_WaitReceiveBufferFull_SPI1
    spi.o(i.Spi_ReadIB) refers to spi.o(i.Spi_I2S_ReceiveData_SPI1) for Spi_I2S_ReceiveData_SPI1
    spi.o(i.Spi_ReadIB) refers to spi.o(i.Spi_Hw_WaitReceiveBufferFull_SPI2) for Spi_Hw_WaitReceiveBufferFull_SPI2
    spi.o(i.Spi_ReadIB) refers to spi.o(i.Spi_I2S_ReceiveData_SPI2) for Spi_I2S_ReceiveData_SPI2
    spi.o(i.Spi_ReadIB) refers to spi.o(.data) for SpiStatus
    spi.o(i.Spi_SetupEB) refers to spi.o(i.Spi_Hw_WaitTransmitBufferEmpty_SPI1) for Spi_Hw_WaitTransmitBufferEmpty_SPI1
    spi.o(i.Spi_SetupEB) refers to spi.o(i.Spi_I2S_SendData_SPI1) for Spi_I2S_SendData_SPI1
    spi.o(i.Spi_SetupEB) refers to spi.o(i.Spi_Hw_WaitReceiveBufferFull_SPI1) for Spi_Hw_WaitReceiveBufferFull_SPI1
    spi.o(i.Spi_SetupEB) refers to spi.o(i.Spi_I2S_ReceiveData_SPI1) for Spi_I2S_ReceiveData_SPI1
    spi.o(i.Spi_SetupEB) refers to spi.o(i.Spi_Hw_WaitTransmitBufferEmpty_SPI2) for Spi_Hw_WaitTransmitBufferEmpty_SPI2
    spi.o(i.Spi_SetupEB) refers to spi.o(i.Spi_I2S_SendData_SPI2) for Spi_I2S_SendData_SPI2
    spi.o(i.Spi_SetupEB) refers to spi.o(i.Spi_Hw_WaitReceiveBufferFull_SPI2) for Spi_Hw_WaitReceiveBufferFull_SPI2
    spi.o(i.Spi_SetupEB) refers to spi.o(i.Spi_I2S_ReceiveData_SPI2) for Spi_I2S_ReceiveData_SPI2
    spi.o(i.Spi_SetupEB) refers to spi.o(.data) for SpiStatus
    spi.o(i.Spi_WriteIB) refers to spi.o(i.Spi_Hw_WaitTransmitBufferEmpty_SPI1) for Spi_Hw_WaitTransmitBufferEmpty_SPI1
    spi.o(i.Spi_WriteIB) refers to spi.o(i.Spi_I2S_SendData_SPI1) for Spi_I2S_SendData_SPI1
    spi.o(i.Spi_WriteIB) refers to spi.o(i.Spi_Hw_WaitTransmitBufferEmpty_SPI2) for Spi_Hw_WaitTransmitBufferEmpty_SPI2
    spi.o(i.Spi_WriteIB) refers to spi.o(i.Spi_I2S_SendData_SPI2) for Spi_I2S_SendData_SPI2
    spi.o(i.Spi_WriteIB) refers to spi.o(.data) for SpiStatus
    stm32f10x_gpio.o(i.GPIO_AFIODeInit) refers to stm32f10x_rcc.o(i.RCC_APB2PeriphResetCmd) for RCC_APB2PeriphResetCmd
    stm32f10x_gpio.o(i.GPIO_DeInit) refers to stm32f10x_rcc.o(i.RCC_APB2PeriphResetCmd) for RCC_APB2PeriphResetCmd
    stm32f10x_rcc.o(i.RCC_GetClocksFreq) refers to stm32f10x_rcc.o(.data) for APBAHBPrescTable
    stm32f10x_rcc.o(i.RCC_WaitForHSEStartUp) refers to stm32f10x_rcc.o(i.RCC_GetFlagStatus) for RCC_GetFlagStatus
    stm32f10x_spi.o(i.I2S_Init) refers to stm32f10x_rcc.o(i.RCC_GetClocksFreq) for RCC_GetClocksFreq
    stm32f10x_spi.o(i.SPI_I2S_DeInit) refers to stm32f10x_rcc.o(i.RCC_APB2PeriphResetCmd) for RCC_APB2PeriphResetCmd
    stm32f10x_spi.o(i.SPI_I2S_DeInit) refers to stm32f10x_rcc.o(i.RCC_APB1PeriphResetCmd) for RCC_APB1PeriphResetCmd
    gpio_stm32f10x.o(i.GPIO_PinConfigure) refers to gpio_stm32f10x.o(i.GPIO_GetPortClockState) for GPIO_GetPortClockState
    gpio_stm32f10x.o(i.GPIO_PinConfigure) refers to gpio_stm32f10x.o(i.GPIO_PortClock) for GPIO_PortClock
    startup_stm32f10x_md.o(STACK) refers (Special) to heapauxi.o(.text) for __use_two_region_memory
    startup_stm32f10x_md.o(HEAP) refers (Special) to heapauxi.o(.text) for __use_two_region_memory
    startup_stm32f10x_md.o(RESET) refers (Special) to heapauxi.o(.text) for __use_two_region_memory
    startup_stm32f10x_md.o(RESET) refers to startup_stm32f10x_md.o(STACK) for __initial_sp
    startup_stm32f10x_md.o(RESET) refers to startup_stm32f10x_md.o(.text) for Reset_Handler
    startup_stm32f10x_md.o(.text) refers (Special) to heapauxi.o(.text) for __use_two_region_memory
    startup_stm32f10x_md.o(.text) refers to system_stm32f10x.o(i.SystemInit) for SystemInit
    startup_stm32f10x_md.o(.text) refers to __main.o(!!!main) for __main
    startup_stm32f10x_md.o(.text) refers to startup_stm32f10x_md.o(HEAP) for Heap_Mem
    startup_stm32f10x_md.o(.text) refers to startup_stm32f10x_md.o(STACK) for Stack_Mem
    system_stm32f10x.o(i.SetSysClock) refers to system_stm32f10x.o(i.SetSysClockTo72) for SetSysClockTo72
    system_stm32f10x.o(i.SystemCoreClockUpdate) refers to system_stm32f10x.o(.data) for SystemCoreClock
    system_stm32f10x.o(i.SystemInit) refers to system_stm32f10x.o(i.SetSysClock) for SetSysClock
    __main.o(!!!main) refers to __rtentry.o(.ARM.Collect$$rtentry$$00000000) for __rt_entry
    __rtentry.o(.ARM.Collect$$rtentry$$00000000) refers (Special) to __rtentry2.o(.ARM.Collect$$rtentry$$0000000A) for __rt_entry_li
    __rtentry.o(.ARM.Collect$$rtentry$$00000000) refers (Special) to __rtentry2.o(.ARM.Collect$$rtentry$$0000000D) for __rt_entry_main
    __rtentry.o(.ARM.Collect$$rtentry$$00000000) refers (Special) to __rtentry2.o(.ARM.Collect$$rtentry$$0000000C) for __rt_entry_postli_1
    __rtentry.o(.ARM.Collect$$rtentry$$00000000) refers (Special) to __rtentry2.o(.ARM.Collect$$rtentry$$00000009) for __rt_entry_postsh_1
    __rtentry.o(.ARM.Collect$$rtentry$$00000000) refers (Special) to __rtentry2.o(.ARM.Collect$$rtentry$$00000002) for __rt_entry_presh_1
    __rtentry.o(.ARM.Collect$$rtentry$$00000000) refers (Special) to __rtentry4.o(.ARM.Collect$$rtentry$$00000004) for __rt_entry_sh
    __rtentry2.o(.ARM.Collect$$rtentry$$00000008) refers to boardinit2.o(.text) for _platform_post_stackheap_init
    __rtentry2.o(.ARM.Collect$$rtentry$$0000000A) refers to libinit.o(.ARM.Collect$$libinit$$00000000) for __rt_lib_init
    __rtentry2.o(.ARM.Collect$$rtentry$$0000000B) refers to boardinit3.o(.text) for _platform_post_lib_init
    __rtentry2.o(.ARM.Collect$$rtentry$$0000000D) refers to exit.o(.text) for exit
    __rtentry2.o(.ARM.exidx) refers to __rtentry2.o(.ARM.Collect$$rtentry$$00000001) for .ARM.Collect$$rtentry$$00000001
    __rtentry2.o(.ARM.exidx) refers to __rtentry2.o(.ARM.Collect$$rtentry$$00000008) for .ARM.Collect$$rtentry$$00000008
    __rtentry2.o(.ARM.exidx) refers to __rtentry2.o(.ARM.Collect$$rtentry$$0000000A) for .ARM.Collect$$rtentry$$0000000A
    __rtentry2.o(.ARM.exidx) refers to __rtentry2.o(.ARM.Collect$$rtentry$$0000000B) for .ARM.Collect$$rtentry$$0000000B
    __rtentry2.o(.ARM.exidx) refers to __rtentry2.o(.ARM.Collect$$rtentry$$0000000D) for .ARM.Collect$$rtentry$$0000000D
    __rtentry4.o(.ARM.Collect$$rtentry$$00000004) refers to sys_stackheap_outer.o(.text) for __user_setup_stackheap
    __rtentry4.o(.ARM.exidx) refers to __rtentry4.o(.ARM.Collect$$rtentry$$00000004) for .ARM.Collect$$rtentry$$00000004
    sys_stackheap_outer.o(.text) refers to libspace.o(.text) for __user_perproc_libspace
    sys_stackheap_outer.o(.text) refers to startup_stm32f10x_md.o(.text) for __user_initial_stackheap
    exit.o(.text) refers to rtexit.o(.ARM.Collect$$rtexit$$00000000) for __rt_exit
    libinit.o(.ARM.Collect$$libinit$$00000000) refers (Special) to libinit2.o(.ARM.Collect$$libinit$$0000002E) for __rt_lib_init_alloca_1
    libinit.o(.ARM.Collect$$libinit$$00000000) refers (Special) to libinit2.o(.ARM.Collect$$libinit$$00000027) for __rt_lib_init_argv_1
    libinit.o(.ARM.Collect$$libinit$$00000000) refers (Special) to libinit2.o(.ARM.Collect$$libinit$$0000001B) for __rt_lib_init_atexit_1
    libinit.o(.ARM.Collect$$libinit$$00000000) refers (Special) to libinit2.o(.ARM.Collect$$libinit$$00000021) for __rt_lib_init_clock_1
    libinit.o(.ARM.Collect$$libinit$$00000000) refers (Special) to libinit2.o(.ARM.Collect$$libinit$$00000032) for __rt_lib_init_cpp_1
    libinit.o(.ARM.Collect$$libinit$$00000000) refers (Special) to libinit2.o(.ARM.Collect$$libinit$$00000030) for __rt_lib_init_exceptions_1
    libinit.o(.ARM.Collect$$libinit$$00000000) refers (Special) to libinit2.o(.ARM.Collect$$libinit$$00000002) for __rt_lib_init_fp_1
    libinit.o(.ARM.Collect$$libinit$$00000000) refers (Special) to libinit2.o(.ARM.Collect$$libinit$$0000001F) for __rt_lib_init_fp_trap_1
    libinit.o(.ARM.Collect$$libinit$$00000000) refers (Special) to libinit2.o(.ARM.Collect$$libinit$$00000023) for __rt_lib_init_getenv_1
    libinit.o(.ARM.Collect$$libinit$$00000000) refers (Special) to libinit2.o(.ARM.Collect$$libinit$$0000000A) for __rt_lib_init_heap_1
    libinit.o(.ARM.Collect$$libinit$$00000000) refers (Special) to libinit2.o(.ARM.Collect$$libinit$$00000011) for __rt_lib_init_lc_collate_1
    libinit.o(.ARM.Collect$$libinit$$00000000) refers (Special) to libinit2.o(.ARM.Collect$$libinit$$00000013) for __rt_lib_init_lc_ctype_1
    libinit.o(.ARM.Collect$$libinit$$00000000) refers (Special) to libinit2.o(.ARM.Collect$$libinit$$00000015) for __rt_lib_init_lc_monetary_1
    libinit.o(.ARM.Collect$$libinit$$00000000) refers (Special) to libinit2.o(.ARM.Collect$$libinit$$00000017) for __rt_lib_init_lc_numeric_1
    libinit.o(.ARM.Collect$$libinit$$00000000) refers (Special) to libinit2.o(.ARM.Collect$$libinit$$00000019) for __rt_lib_init_lc_time_1
    libinit.o(.ARM.Collect$$libinit$$00000000) refers (Special) to libinit2.o(.ARM.Collect$$libinit$$00000004) for __rt_lib_init_preinit_1
    libinit.o(.ARM.Collect$$libinit$$00000000) refers (Special) to libinit2.o(.ARM.Collect$$libinit$$0000000E) for __rt_lib_init_rand_1
    libinit.o(.ARM.Collect$$libinit$$00000000) refers (Special) to libinit2.o(.ARM.Collect$$libinit$$00000033) for __rt_lib_init_return
    libinit.o(.ARM.Collect$$libinit$$00000000) refers (Special) to libinit2.o(.ARM.Collect$$libinit$$0000001D) for __rt_lib_init_signal_1
    libinit.o(.ARM.Collect$$libinit$$00000000) refers (Special) to libinit2.o(.ARM.Collect$$libinit$$00000025) for __rt_lib_init_stdio_1
    libinit.o(.ARM.Collect$$libinit$$00000000) refers (Special) to libinit2.o(.ARM.Collect$$libinit$$0000000C) for __rt_lib_init_user_alloc_1
    libspace.o(.text) refers to libspace.o(.bss) for __libspace_start
    rtexit.o(.ARM.Collect$$rtexit$$00000000) refers (Special) to rtexit2.o(.ARM.Collect$$rtexit$$00000004) for __rt_exit_exit
    rtexit.o(.ARM.Collect$$rtexit$$00000000) refers (Special) to rtexit2.o(.ARM.Collect$$rtexit$$00000003) for __rt_exit_ls
    rtexit.o(.ARM.Collect$$rtexit$$00000000) refers (Special) to rtexit2.o(.ARM.Collect$$rtexit$$00000002) for __rt_exit_prels_1
    rtexit.o(.ARM.exidx) refers (Special) to rtexit2.o(.ARM.Collect$$rtexit$$00000004) for __rt_exit_exit
    rtexit.o(.ARM.exidx) refers (Special) to rtexit2.o(.ARM.Collect$$rtexit$$00000003) for __rt_exit_ls
    rtexit.o(.ARM.exidx) refers (Special) to rtexit2.o(.ARM.Collect$$rtexit$$00000002) for __rt_exit_prels_1
    rtexit.o(.ARM.exidx) refers to rtexit.o(.ARM.Collect$$rtexit$$00000000) for .ARM.Collect$$rtexit$$00000000
    libinit2.o(.ARM.Collect$$libinit$$00000010) refers to libinit2.o(.ARM.Collect$$libinit$$0000000F) for .ARM.Collect$$libinit$$0000000F
    libinit2.o(.ARM.Collect$$libinit$$00000012) refers to libinit2.o(.ARM.Collect$$libinit$$0000000F) for .ARM.Collect$$libinit$$0000000F
    libinit2.o(.ARM.Collect$$libinit$$00000014) refers to libinit2.o(.ARM.Collect$$libinit$$0000000F) for .ARM.Collect$$libinit$$0000000F
    libinit2.o(.ARM.Collect$$libinit$$00000016) refers to libinit2.o(.ARM.Collect$$libinit$$0000000F) for .ARM.Collect$$libinit$$0000000F
    libinit2.o(.ARM.Collect$$libinit$$00000018) refers to libinit2.o(.ARM.Collect$$libinit$$0000000F) for .ARM.Collect$$libinit$$0000000F
    libinit2.o(.ARM.Collect$$libinit$$00000026) refers to argv_veneer.o(.emb_text) for __ARM_argv_veneer
    libinit2.o(.ARM.Collect$$libinit$$00000027) refers to argv_veneer.o(.emb_text) for __ARM_argv_veneer
    rtexit2.o(.ARM.Collect$$rtexit$$00000003) refers to libshutdown.o(.ARM.Collect$$libshutdown$$00000000) for __rt_lib_shutdown
    rtexit2.o(.ARM.Collect$$rtexit$$00000004) refers to sys_exit.o(.text) for _sys_exit
    rtexit2.o(.ARM.exidx) refers to rtexit2.o(.ARM.Collect$$rtexit$$00000001) for .ARM.Collect$$rtexit$$00000001
    rtexit2.o(.ARM.exidx) refers to rtexit2.o(.ARM.Collect$$rtexit$$00000003) for .ARM.Collect$$rtexit$$00000003
    rtexit2.o(.ARM.exidx) refers to rtexit2.o(.ARM.Collect$$rtexit$$00000004) for .ARM.Collect$$rtexit$$00000004
    argv_veneer.o(.emb_text) refers to _get_argv_nomalloc.o(.text) for __ARM_get_argv
    sys_exit.o(.text) refers (Special) to use_no_semi.o(.text) for __I$use$semihosting
    sys_exit.o(.text) refers (Special) to indicate_semi.o(.text) for __semihosting_library_function
    _get_argv_nomalloc.o(.text) refers (Special) to hrguard.o(.text) for __heap_region$guard
    _get_argv_nomalloc.o(.text) refers to defsig_rtmem_outer.o(.text) for __rt_SIGRTMEM
    _get_argv_nomalloc.o(.text) refers to sys_command.o(.text) for _sys_command_string
    libshutdown.o(.ARM.Collect$$libshutdown$$00000000) refers (Special) to libshutdown2.o(.ARM.Collect$$libshutdown$$00000002) for __rt_lib_shutdown_cpp_1
    libshutdown.o(.ARM.Collect$$libshutdown$$00000000) refers (Special) to libshutdown2.o(.ARM.Collect$$libshutdown$$00000007) for __rt_lib_shutdown_fp_trap_1
    libshutdown.o(.ARM.Collect$$libshutdown$$00000000) refers (Special) to libshutdown2.o(.ARM.Collect$$libshutdown$$0000000F) for __rt_lib_shutdown_heap_1
    libshutdown.o(.ARM.Collect$$libshutdown$$00000000) refers (Special) to libshutdown2.o(.ARM.Collect$$libshutdown$$00000010) for __rt_lib_shutdown_return
    libshutdown.o(.ARM.Collect$$libshutdown$$00000000) refers (Special) to libshutdown2.o(.ARM.Collect$$libshutdown$$0000000A) for __rt_lib_shutdown_signal_1
    libshutdown.o(.ARM.Collect$$libshutdown$$00000000) refers (Special) to libshutdown2.o(.ARM.Collect$$libshutdown$$00000004) for __rt_lib_shutdown_stdio_1
    libshutdown.o(.ARM.Collect$$libshutdown$$00000000) refers (Special) to libshutdown2.o(.ARM.Collect$$libshutdown$$0000000C) for __rt_lib_shutdown_user_alloc_1
    sys_command.o(.text) refers (Special) to use_no_semi.o(.text) for __I$use$semihosting
    sys_command.o(.text) refers (Special) to indicate_semi.o(.text) for __semihosting_library_function
    defsig_rtmem_outer.o(.text) refers to defsig_rtmem_inner.o(.text) for __rt_SIGRTMEM_inner
    defsig_rtmem_outer.o(.text) refers to defsig_exit.o(.text) for __sig_exit
    defsig_rtmem_formal.o(.text) refers to rt_raise.o(.text) for __rt_raise
    rt_raise.o(.text) refers to __raise.o(.text) for __raise
    rt_raise.o(.text) refers to sys_exit.o(.text) for _sys_exit
    defsig_exit.o(.text) refers to sys_exit.o(.text) for _sys_exit
    defsig_rtmem_inner.o(.text) refers to defsig_general.o(.text) for __default_signal_display
    __raise.o(.text) refers to defsig.o(CL$$defsig) for __default_signal_handler
    defsig_general.o(.text) refers to sys_wrch.o(.text) for _ttywrch
    sys_wrch.o(.text) refers (Special) to use_no_semi.o(.text) for __I$use$semihosting
    sys_wrch.o(.text) refers (Special) to indicate_semi.o(.text) for __semihosting_library_function
    defsig.o(CL$$defsig) refers to defsig_rtmem_inner.o(.text) for __rt_SIGRTMEM_inner
    defsig_abrt_inner.o(.text) refers to defsig_general.o(.text) for __default_signal_display
    defsig_fpe_inner.o(.text) refers to defsig_general.o(.text) for __default_signal_display
    defsig_rtred_inner.o(.text) refers to defsig_general.o(.text) for __default_signal_display
    defsig_stak_inner.o(.text) refers to defsig_general.o(.text) for __default_signal_display
    defsig_pvfn_inner.o(.text) refers to defsig_general.o(.text) for __default_signal_display
    defsig_cppl_inner.o(.text) refers to defsig_general.o(.text) for __default_signal_display
    defsig_segv_inner.o(.text) refers to defsig_general.o(.text) for __default_signal_display
    defsig_other.o(.text) refers to defsig_general.o(.text) for __default_signal_display


==============================================================================

Removing Unused input sections from the image.

    Removing spi.o(.rev16_text), (4 bytes).
    Removing spi.o(.revsh_text), (4 bytes).
    Removing spi.o(.rrx_text), (6 bytes).
    Removing spi.o(i.Spi_AsyncTransmit), (144 bytes).
    Removing spi.o(i.Spi_DeInit), (96 bytes).
    Removing spi.o(i.Spi_GetStatus), (40 bytes).
    Removing spi.o(i.Spi_Hw_CheckStatus_SPI1), (28 bytes).
    Removing spi.o(i.Spi_Hw_CheckStatus_SPI2), (28 bytes).
    Removing spi.o(i.Spi_Hw_WaitReceiveBufferFull_SPI1), (24 bytes).
    Removing spi.o(i.Spi_Hw_WaitReceiveBufferFull_SPI2), (24 bytes).
    Removing spi.o(i.Spi_Hw_WaitTransmitBufferEmpty_SPI1), (24 bytes).
    Removing spi.o(i.Spi_Hw_WaitTransmitBufferEmpty_SPI2), (24 bytes).
    Removing spi.o(i.Spi_I2S_ReceiveData_SPI1), (16 bytes).
    Removing spi.o(i.Spi_I2S_ReceiveData_SPI2), (16 bytes).
    Removing spi.o(i.Spi_I2S_SendData_SPI1), (20 bytes).
    Removing spi.o(i.Spi_I2S_SendData_SPI2), (20 bytes).
    Removing spi.o(i.Spi_Init), (256 bytes).
    Removing spi.o(i.Spi_ReadIB), (64 bytes).
    Removing spi.o(i.Spi_SetupEB), (116 bytes).
    Removing spi.o(i.Spi_WriteIB), (64 bytes).
    Removing spi.o(.bss), (80 bytes).
    Removing spi.o(.constdata), (16 bytes).
    Removing spi.o(.data), (3 bytes).
    Removing misc.o(.rev16_text), (4 bytes).
    Removing misc.o(.revsh_text), (4 bytes).
    Removing misc.o(.rrx_text), (6 bytes).
    Removing misc.o(i.NVIC_Init), (112 bytes).
    Removing misc.o(i.NVIC_PriorityGroupConfig), (20 bytes).
    Removing misc.o(i.NVIC_SetVectorTable), (20 bytes).
    Removing misc.o(i.NVIC_SystemLPConfig), (32 bytes).
    Removing misc.o(i.SysTick_CLKSourceConfig), (40 bytes).
    Removing stm32f10x_gpio.o(.rev16_text), (4 bytes).
    Removing stm32f10x_gpio.o(.revsh_text), (4 bytes).
    Removing stm32f10x_gpio.o(.rrx_text), (6 bytes).
    Removing stm32f10x_gpio.o(i.GPIO_AFIODeInit), (20 bytes).
    Removing stm32f10x_gpio.o(i.GPIO_DeInit), (200 bytes).
    Removing stm32f10x_gpio.o(i.GPIO_ETH_MediaInterfaceConfig), (12 bytes).
    Removing stm32f10x_gpio.o(i.GPIO_EXTILineConfig), (64 bytes).
    Removing stm32f10x_gpio.o(i.GPIO_EventOutputCmd), (12 bytes).
    Removing stm32f10x_gpio.o(i.GPIO_EventOutputConfig), (32 bytes).
    Removing stm32f10x_gpio.o(i.GPIO_Init), (278 bytes).
    Removing stm32f10x_gpio.o(i.GPIO_PinLockConfig), (18 bytes).
    Removing stm32f10x_gpio.o(i.GPIO_PinRemapConfig), (144 bytes).
    Removing stm32f10x_gpio.o(i.GPIO_ReadInputData), (8 bytes).
    Removing stm32f10x_gpio.o(i.GPIO_ReadInputDataBit), (18 bytes).
    Removing stm32f10x_gpio.o(i.GPIO_ReadOutputData), (8 bytes).
    Removing stm32f10x_gpio.o(i.GPIO_ReadOutputDataBit), (18 bytes).
    Removing stm32f10x_gpio.o(i.GPIO_ResetBits), (4 bytes).
    Removing stm32f10x_gpio.o(i.GPIO_SetBits), (4 bytes).
    Removing stm32f10x_gpio.o(i.GPIO_StructInit), (16 bytes).
    Removing stm32f10x_gpio.o(i.GPIO_Write), (4 bytes).
    Removing stm32f10x_gpio.o(i.GPIO_WriteBit), (10 bytes).
    Removing stm32f10x_rcc.o(.rev16_text), (4 bytes).
    Removing stm32f10x_rcc.o(.revsh_text), (4 bytes).
    Removing stm32f10x_rcc.o(.rrx_text), (6 bytes).
    Removing stm32f10x_rcc.o(i.RCC_ADCCLKConfig), (24 bytes).
    Removing stm32f10x_rcc.o(i.RCC_AHBPeriphClockCmd), (32 bytes).
    Removing stm32f10x_rcc.o(i.RCC_APB1PeriphClockCmd), (32 bytes).
    Removing stm32f10x_rcc.o(i.RCC_APB1PeriphResetCmd), (32 bytes).
    Removing stm32f10x_rcc.o(i.RCC_APB2PeriphClockCmd), (32 bytes).
    Removing stm32f10x_rcc.o(i.RCC_APB2PeriphResetCmd), (32 bytes).
    Removing stm32f10x_rcc.o(i.RCC_AdjustHSICalibrationValue), (24 bytes).
    Removing stm32f10x_rcc.o(i.RCC_BackupResetCmd), (12 bytes).
    Removing stm32f10x_rcc.o(i.RCC_ClearFlag), (20 bytes).
    Removing stm32f10x_rcc.o(i.RCC_ClearITPendingBit), (12 bytes).
    Removing stm32f10x_rcc.o(i.RCC_ClockSecuritySystemCmd), (12 bytes).
    Removing stm32f10x_rcc.o(i.RCC_DeInit), (76 bytes).
    Removing stm32f10x_rcc.o(i.RCC_GetClocksFreq), (212 bytes).
    Removing stm32f10x_rcc.o(i.RCC_GetFlagStatus), (60 bytes).
    Removing stm32f10x_rcc.o(i.RCC_GetITStatus), (24 bytes).
    Removing stm32f10x_rcc.o(i.RCC_GetSYSCLKSource), (16 bytes).
    Removing stm32f10x_rcc.o(i.RCC_HCLKConfig), (24 bytes).
    Removing stm32f10x_rcc.o(i.RCC_HSEConfig), (76 bytes).
    Removing stm32f10x_rcc.o(i.RCC_HSICmd), (12 bytes).
    Removing stm32f10x_rcc.o(i.RCC_ITConfig), (32 bytes).
    Removing stm32f10x_rcc.o(i.RCC_LSEConfig), (52 bytes).
    Removing stm32f10x_rcc.o(i.RCC_LSICmd), (12 bytes).
    Removing stm32f10x_rcc.o(i.RCC_MCOConfig), (12 bytes).
    Removing stm32f10x_rcc.o(i.RCC_PCLK1Config), (24 bytes).
    Removing stm32f10x_rcc.o(i.RCC_PCLK2Config), (24 bytes).
    Removing stm32f10x_rcc.o(i.RCC_PLLCmd), (12 bytes).
    Removing stm32f10x_rcc.o(i.RCC_PLLConfig), (28 bytes).
    Removing stm32f10x_rcc.o(i.RCC_RTCCLKCmd), (12 bytes).
    Removing stm32f10x_rcc.o(i.RCC_RTCCLKConfig), (16 bytes).
    Removing stm32f10x_rcc.o(i.RCC_SYSCLKConfig), (24 bytes).
    Removing stm32f10x_rcc.o(i.RCC_USBCLKConfig), (12 bytes).
    Removing stm32f10x_rcc.o(i.RCC_WaitForHSEStartUp), (56 bytes).
    Removing stm32f10x_rcc.o(.data), (20 bytes).
    Removing stm32f10x_spi.o(.rev16_text), (4 bytes).
    Removing stm32f10x_spi.o(.revsh_text), (4 bytes).
    Removing stm32f10x_spi.o(.rrx_text), (6 bytes).
    Removing stm32f10x_spi.o(i.I2S_Cmd), (24 bytes).
    Removing stm32f10x_spi.o(i.I2S_Init), (232 bytes).
    Removing stm32f10x_spi.o(i.I2S_StructInit), (20 bytes).
    Removing stm32f10x_spi.o(i.SPI_BiDirectionalLineConfig), (28 bytes).
    Removing stm32f10x_spi.o(i.SPI_CalculateCRC), (24 bytes).
    Removing stm32f10x_spi.o(i.SPI_Cmd), (24 bytes).
    Removing stm32f10x_spi.o(i.SPI_DataSizeConfig), (18 bytes).
    Removing stm32f10x_spi.o(i.SPI_GetCRC), (16 bytes).
    Removing stm32f10x_spi.o(i.SPI_GetCRCPolynomial), (6 bytes).
    Removing stm32f10x_spi.o(i.SPI_I2S_ClearFlag), (6 bytes).
    Removing stm32f10x_spi.o(i.SPI_I2S_ClearITPendingBit), (20 bytes).
    Removing stm32f10x_spi.o(i.SPI_I2S_DMACmd), (18 bytes).
    Removing stm32f10x_spi.o(i.SPI_I2S_DeInit), (88 bytes).
    Removing stm32f10x_spi.o(i.SPI_I2S_GetFlagStatus), (18 bytes).
    Removing stm32f10x_spi.o(i.SPI_I2S_GetITStatus), (52 bytes).
    Removing stm32f10x_spi.o(i.SPI_I2S_ITConfig), (32 bytes).
    Removing stm32f10x_spi.o(i.SPI_I2S_ReceiveData), (6 bytes).
    Removing stm32f10x_spi.o(i.SPI_I2S_SendData), (4 bytes).
    Removing stm32f10x_spi.o(i.SPI_Init), (60 bytes).
    Removing stm32f10x_spi.o(i.SPI_NSSInternalSoftwareConfig), (30 bytes).
    Removing stm32f10x_spi.o(i.SPI_SSOutputCmd), (24 bytes).
    Removing stm32f10x_spi.o(i.SPI_StructInit), (24 bytes).
    Removing stm32f10x_spi.o(i.SPI_TransmitCRC), (10 bytes).
    Removing gpio_stm32f10x.o(.rev16_text), (4 bytes).
    Removing gpio_stm32f10x.o(.revsh_text), (4 bytes).
    Removing gpio_stm32f10x.o(.rrx_text), (6 bytes).
    Removing gpio_stm32f10x.o(i.GPIO_AFConfigure), (156 bytes).
    Removing gpio_stm32f10x.o(i.GPIO_GetPortClockState), (152 bytes).
    Removing gpio_stm32f10x.o(i.GPIO_PinConfigure), (120 bytes).
    Removing gpio_stm32f10x.o(i.GPIO_PortClock), (316 bytes).
    Removing system_stm32f10x.o(.rev16_text), (4 bytes).
    Removing system_stm32f10x.o(.revsh_text), (4 bytes).
    Removing system_stm32f10x.o(.rrx_text), (6 bytes).
    Removing system_stm32f10x.o(i.SystemCoreClockUpdate), (164 bytes).
    Removing system_stm32f10x.o(.data), (20 bytes).

126 unused section(s) (total 5107 bytes) removed from the image.

==============================================================================

Memory Map of the image

  Image Entry point : 0x00000000

  Load Region LR_IROM1 (Base: 0x08000000, Size: 0x0000051c, Max: 0x00010000, ABSOLUTE)

    Execution Region ER_IROM1 (Base: 0x08000000, Size: 0x0000051c, Max: 0x00010000, ABSOLUTE)

    Base Addr    Size         Type   Attr      Idx    E Section Name        Object

    0x08000000   0x000000ec   Data   RO          771    RESET               startup_stm32f10x_md.o
    0x080000ec   0x00000008   Code   RO          826  * !!!main             c_w.l(__main.o)
    0x080000f4   0x00000002   Code   RO          853    .ARM.Collect$$libinit$$00000000  c_w.l(libinit.o)
    0x080000f6   0x00000000   Code   RO          860    .ARM.Collect$$libinit$$00000002  c_w.l(libinit2.o)
    0x080000f6   0x00000000   Code   RO          862    .ARM.Collect$$libinit$$00000004  c_w.l(libinit2.o)
    0x080000f6   0x00000000   Code   RO          865    .ARM.Collect$$libinit$$0000000A  c_w.l(libinit2.o)
    0x080000f6   0x00000000   Code   RO          867    .ARM.Collect$$libinit$$0000000C  c_w.l(libinit2.o)
    0x080000f6   0x00000000   Code   RO          869    .ARM.Collect$$libinit$$0000000E  c_w.l(libinit2.o)
    0x080000f6   0x00000000   Code   RO          872    .ARM.Collect$$libinit$$00000011  c_w.l(libinit2.o)
    0x080000f6   0x00000000   Code   RO          874    .ARM.Collect$$libinit$$00000013  c_w.l(libinit2.o)
    0x080000f6   0x00000000   Code   RO          876    .ARM.Collect$$libinit$$00000015  c_w.l(libinit2.o)
    0x080000f6   0x00000000   Code   RO          878    .ARM.Collect$$libinit$$00000017  c_w.l(libinit2.o)
    0x080000f6   0x00000000   Code   RO          880    .ARM.Collect$$libinit$$00000019  c_w.l(libinit2.o)
    0x080000f6   0x00000000   Code   RO          882    .ARM.Collect$$libinit$$0000001B  c_w.l(libinit2.o)
    0x080000f6   0x00000000   Code   RO          884    .ARM.Collect$$libinit$$0000001D  c_w.l(libinit2.o)
    0x080000f6   0x00000000   Code   RO          886    .ARM.Collect$$libinit$$0000001F  c_w.l(libinit2.o)
    0x080000f6   0x00000000   Code   RO          888    .ARM.Collect$$libinit$$00000021  c_w.l(libinit2.o)
    0x080000f6   0x00000000   Code   RO          890    .ARM.Collect$$libinit$$00000023  c_w.l(libinit2.o)
    0x080000f6   0x00000000   Code   RO          892    .ARM.Collect$$libinit$$00000025  c_w.l(libinit2.o)
    0x080000f6   0x00000008   Code   RO          894    .ARM.Collect$$libinit$$00000027  c_w.l(libinit2.o)
    0x080000fe   0x00000000   Code   RO          898    .ARM.Collect$$libinit$$0000002E  c_w.l(libinit2.o)
    0x080000fe   0x00000000   Code   RO          900    .ARM.Collect$$libinit$$00000030  c_w.l(libinit2.o)
    0x080000fe   0x00000000   Code   RO          902    .ARM.Collect$$libinit$$00000032  c_w.l(libinit2.o)
    0x080000fe   0x00000002   Code   RO          903    .ARM.Collect$$libinit$$00000033  c_w.l(libinit2.o)
    0x08000100   0x00000002   Code   RO          923    .ARM.Collect$$libshutdown$$00000000  c_w.l(libshutdown.o)
    0x08000102   0x00000000   Code   RO          936    .ARM.Collect$$libshutdown$$00000002  c_w.l(libshutdown2.o)
    0x08000102   0x00000000   Code   RO          938    .ARM.Collect$$libshutdown$$00000004  c_w.l(libshutdown2.o)
    0x08000102   0x00000000   Code   RO          941    .ARM.Collect$$libshutdown$$00000007  c_w.l(libshutdown2.o)
    0x08000102   0x00000000   Code   RO          944    .ARM.Collect$$libshutdown$$0000000A  c_w.l(libshutdown2.o)
    0x08000102   0x00000000   Code   RO          946    .ARM.Collect$$libshutdown$$0000000C  c_w.l(libshutdown2.o)
    0x08000102   0x00000000   Code   RO          949    .ARM.Collect$$libshutdown$$0000000F  c_w.l(libshutdown2.o)
    0x08000102   0x00000002   Code   RO          950    .ARM.Collect$$libshutdown$$00000010  c_w.l(libshutdown2.o)
    0x08000104   0x00000000   Code   RO          828    .ARM.Collect$$rtentry$$00000000  c_w.l(__rtentry.o)
    0x08000104   0x00000000   Code   RO          830    .ARM.Collect$$rtentry$$00000002  c_w.l(__rtentry2.o)
    0x08000104   0x00000006   Code   RO          842    .ARM.Collect$$rtentry$$00000004  c_w.l(__rtentry4.o)
    0x0800010a   0x00000000   Code   RO          832    .ARM.Collect$$rtentry$$00000009  c_w.l(__rtentry2.o)
    0x0800010a   0x00000004   Code   RO          833    .ARM.Collect$$rtentry$$0000000A  c_w.l(__rtentry2.o)
    0x0800010e   0x00000000   Code   RO          835    .ARM.Collect$$rtentry$$0000000C  c_w.l(__rtentry2.o)
    0x0800010e   0x00000008   Code   RO          836    .ARM.Collect$$rtentry$$0000000D  c_w.l(__rtentry2.o)
    0x08000116   0x00000002   Code   RO          857    .ARM.Collect$$rtexit$$00000000  c_w.l(rtexit.o)
    0x08000118   0x00000000   Code   RO          905    .ARM.Collect$$rtexit$$00000002  c_w.l(rtexit2.o)
    0x08000118   0x00000004   Code   RO          906    .ARM.Collect$$rtexit$$00000003  c_w.l(rtexit2.o)
    0x0800011c   0x00000006   Code   RO          907    .ARM.Collect$$rtexit$$00000004  c_w.l(rtexit2.o)
    0x08000122   0x00000002   PAD
    0x08000124   0x00000004   Code   RO          911    .emb_text           c_w.l(argv_veneer.o)
    0x08000128   0x00000040   Code   RO          772    .text               startup_stm32f10x_md.o
    0x08000168   0x00000006   Code   RO          824    .text               c_w.l(heapauxi.o)
    0x0800016e   0x0000004a   Code   RO          844    .text               c_w.l(sys_stackheap_outer.o)
    0x080001b8   0x00000012   Code   RO          846    .text               c_w.l(exit.o)
    0x080001ca   0x00000002   PAD
    0x080001cc   0x00000008   Code   RO          854    .text               c_w.l(libspace.o)
    0x080001d4   0x0000000c   Code   RO          915    .text               c_w.l(sys_exit.o)
    0x080001e0   0x0000012e   Code   RO          919    .text               c_w.l(_get_argv_nomalloc.o)
    0x0800030e   0x00000018   Code   RO          924    .text               c_w.l(sys_command.o)
    0x08000326   0x00000002   Code   RO          926    .text               c_w.l(use_no_semi.o)
    0x08000328   0x00000000   Code   RO          928    .text               c_w.l(indicate_semi.o)
    0x08000328   0x00000004   Code   RO          929    .text               c_w.l(hrguard.o)
    0x0800032c   0x0000000e   Code   RO          931    .text               c_w.l(defsig_rtmem_outer.o)
    0x0800033a   0x0000000a   Code   RO          953    .text               c_w.l(defsig_exit.o)
    0x08000344   0x00000050   Code   RO          955    .text               c_w.l(defsig_rtmem_inner.o)
    0x08000394   0x00000032   Code   RO          959    .text               c_w.l(defsig_general.o)
    0x080003c6   0x0000000e   Code   RO          961    .text               c_w.l(sys_wrch.o)
    0x080003d4   0x00000008   Code   RO          779    i.SetSysClock       system_stm32f10x.o
    0x080003dc   0x000000e0   Code   RO          780    i.SetSysClockTo72   system_stm32f10x.o
    0x080004bc   0x00000060   Code   RO          782    i.SystemInit        system_stm32f10x.o
    0x0800051c   0x00000000   Data   RO          981    Region$$Table       anon$$obj.o


    Execution Region RW_IRAM1 (Base: 0x20000000, Size: 0x00000660, Max: 0x00005000, ABSOLUTE)

    Base Addr    Size         Type   Attr      Idx    E Section Name        Object

    0x20000000   0x00000060   Zero   RW          855    .bss                c_w.l(libspace.o)
    0x20000060   0x00000200   Zero   RW          770    HEAP                startup_stm32f10x_md.o
    0x20000260   0x00000400   Zero   RW          769    STACK               startup_stm32f10x_md.o

