Component: ARM Compiler 5.06 update 1 (build 61) Tool: armlink [4d35a8]

==============================================================================

Section Cross References

    main.o(i.__sti___8_main_cpp) refers to ios.o(i._ZNSt8ios_base4InitC1Ev) for std::ios_base::Init::Init()
    main.o(i.__sti___8_main_cpp) refers to aeabi_atexit.o(.text) for __aeabi_atexit
    main.o(i.__sti___8_main_cpp) refers to main.o(.data) for __rw::__rw_stream_initializer
    main.o(i.__sti___8_main_cpp) refers to ios.o(i._ZNSt8ios_base4InitD1Ev) for std::ios_base::Init::~Init()
    main.o(.ARM.exidx) refers to main.o(i.__sti___8_main_cpp) for i.__sti___8_main_cpp
    main.o(.init_array) refers to main.o(i.__sti___8_main_cpp) for __sti___8_main_cpp
    main.o(.init_array) refers to init_aeabi.o(.text) for __cpp_initialize__aeabi_
    stm32f10x_gpio.o(i.GPIO_AFIODeInit) refers to stm32f10x_rcc.o(i.RCC_APB2PeriphResetCmd) for RCC_APB2PeriphResetCmd
    stm32f10x_gpio.o(i.GPIO_DeInit) refers to stm32f10x_rcc.o(i.RCC_APB2PeriphResetCmd) for RCC_APB2PeriphResetCmd
    stm32f10x_rcc.o(i.RCC_GetClocksFreq) refers to stm32f10x_rcc.o(.data) for APBAHBPrescTable
    stm32f10x_rcc.o(i.RCC_WaitForHSEStartUp) refers to stm32f10x_rcc.o(i.RCC_GetFlagStatus) for RCC_GetFlagStatus
    stm32f10x_tim.o(i.TIM_DeInit) refers to stm32f10x_rcc.o(i.RCC_APB2PeriphResetCmd) for RCC_APB2PeriphResetCmd
    stm32f10x_tim.o(i.TIM_DeInit) refers to stm32f10x_rcc.o(i.RCC_APB1PeriphResetCmd) for RCC_APB1PeriphResetCmd
    stm32f10x_tim.o(i.TIM_ETRClockMode1Config) refers to stm32f10x_tim.o(i.TIM_ETRConfig) for TIM_ETRConfig
    stm32f10x_tim.o(i.TIM_ETRClockMode2Config) refers to stm32f10x_tim.o(i.TIM_ETRConfig) for TIM_ETRConfig
    stm32f10x_tim.o(i.TIM_ICInit) refers to stm32f10x_tim.o(i.TI1_Config) for TI1_Config
    stm32f10x_tim.o(i.TIM_ICInit) refers to stm32f10x_tim.o(i.TIM_SetIC1Prescaler) for TIM_SetIC1Prescaler
    stm32f10x_tim.o(i.TIM_ICInit) refers to stm32f10x_tim.o(i.TI2_Config) for TI2_Config
    stm32f10x_tim.o(i.TIM_ICInit) refers to stm32f10x_tim.o(i.TIM_SetIC2Prescaler) for TIM_SetIC2Prescaler
    stm32f10x_tim.o(i.TIM_ICInit) refers to stm32f10x_tim.o(i.TI3_Config) for TI3_Config
    stm32f10x_tim.o(i.TIM_ICInit) refers to stm32f10x_tim.o(i.TIM_SetIC3Prescaler) for TIM_SetIC3Prescaler
    stm32f10x_tim.o(i.TIM_ICInit) refers to stm32f10x_tim.o(i.TI4_Config) for TI4_Config
    stm32f10x_tim.o(i.TIM_ICInit) refers to stm32f10x_tim.o(i.TIM_SetIC4Prescaler) for TIM_SetIC4Prescaler
    stm32f10x_tim.o(i.TIM_ITRxExternalClockConfig) refers to stm32f10x_tim.o(i.TIM_SelectInputTrigger) for TIM_SelectInputTrigger
    stm32f10x_tim.o(i.TIM_PWMIConfig) refers to stm32f10x_tim.o(i.TI1_Config) for TI1_Config
    stm32f10x_tim.o(i.TIM_PWMIConfig) refers to stm32f10x_tim.o(i.TIM_SetIC1Prescaler) for TIM_SetIC1Prescaler
    stm32f10x_tim.o(i.TIM_PWMIConfig) refers to stm32f10x_tim.o(i.TI2_Config) for TI2_Config
    stm32f10x_tim.o(i.TIM_PWMIConfig) refers to stm32f10x_tim.o(i.TIM_SetIC2Prescaler) for TIM_SetIC2Prescaler
    stm32f10x_tim.o(i.TIM_TIxExternalClockConfig) refers to stm32f10x_tim.o(i.TI2_Config) for TI2_Config
    stm32f10x_tim.o(i.TIM_TIxExternalClockConfig) refers to stm32f10x_tim.o(i.TI1_Config) for TI1_Config
    stm32f10x_tim.o(i.TIM_TIxExternalClockConfig) refers to stm32f10x_tim.o(i.TIM_SelectInputTrigger) for TIM_SelectInputTrigger
    startup_stm32f10x_md.o(STACK) refers (Special) to heapauxi.o(.text) for __use_two_region_memory
    startup_stm32f10x_md.o(HEAP) refers (Special) to heapauxi.o(.text) for __use_two_region_memory
    startup_stm32f10x_md.o(RESET) refers (Special) to heapauxi.o(.text) for __use_two_region_memory
    startup_stm32f10x_md.o(RESET) refers to startup_stm32f10x_md.o(STACK) for __initial_sp
    startup_stm32f10x_md.o(RESET) refers to startup_stm32f10x_md.o(.text) for Reset_Handler
    startup_stm32f10x_md.o(.text) refers (Special) to heapauxi.o(.text) for __use_two_region_memory
    startup_stm32f10x_md.o(.text) refers to system_stm32f10x.o(i.SystemInit) for SystemInit
    startup_stm32f10x_md.o(.text) refers to __main.o(!!!main) for __main
    startup_stm32f10x_md.o(.text) refers to startup_stm32f10x_md.o(HEAP) for Heap_Mem
    startup_stm32f10x_md.o(.text) refers to startup_stm32f10x_md.o(STACK) for Stack_Mem
    system_stm32f10x.o(i.SetSysClock) refers to system_stm32f10x.o(i.SetSysClockTo72) for SetSysClockTo72
    system_stm32f10x.o(i.SystemCoreClockUpdate) refers to system_stm32f10x.o(.data) for SystemCoreClock
    system_stm32f10x.o(i.SystemInit) refers to system_stm32f10x.o(i.SetSysClock) for SetSysClock
    atexit_aeabi.o(.text) refers to aeabi_atexit.o(.text) for __aeabi_atexit
    atexit_aeabi.o(.ARM.exidx) refers to atexit_aeabi.o(.text) for .text
    aeabi_atexit.o(.text) refers (Special) to cxa_finalize.o(.text) for __cxa_finalize
    aeabi_atexit.o(.text) refers to h1_alloc.o(.text) for malloc
[...]
    Removing messages.o(.ARM.exidx), (8 bytes).
    Removing messages.o(.ARM.exidx), (8 bytes).
    Removing messages.o(.ARM.exidx), (8 bytes).
    Removing messages.o(.ARM.exidx), (8 bytes).
    Removing messages.o(.ARM.exidx), (8 bytes).
    Removing messages.o(.ARM.exidx), (8 bytes).
    Removing messages.o(.ARM.exidx), (8 bytes).
    Removing messages.o(.ARM.extab), (16 bytes).
    Removing messages.o(.ARM.extab), (16 bytes).
    Removing rwcats.o(i._Z7catopenPKci.clean), (4 bytes).
    Removing rwcats.o(i._Z8catclosePN4__rw8__rw_catE), (80 bytes).
    Removing rwcats.o(.ARM.exidx), (8 bytes).
    Removing rwcats.o(.ARM.exidx), (8 bytes).
    Removing rwcats.o(.ARM.exidx), (8 bytes).
    Removing rwcats.o(.ARM.exidx), (8 bytes).
    Removing rwcats.o(.ARM.exidx), (8 bytes).
    Removing rwcats.o(.ARM.exidx), (8 bytes).
    Removing rwcats.o(.ARM.extab), (20 bytes).
    Removing rwcats.o(.ARM.extab), (20 bytes).
    Removing rwthrowproc_impl_noex.o(.ARM.exidx), (8 bytes).
    Removing vendor.o(i._ZN4__rw15__rw_locale_imp13_C_parse_nameERNS_18__rw_locale_vectorISsEEPKc), (208 bytes).
    Removing vendor.o(i._ZN4__rw15__rw_locale_imp13_C_parse_nameERNS_18__rw_locale_vectorISsEEPKc.clean), (10 bytes).
    Removing vendor.o(i._ZN4__rw15__rw_locale_imp15_C_map_categoryEi), (60 bytes).
    Removing vendor.o(i._ZN4__rw22__rw_digit_reader_base10_C_reallocERPcS1_Rj), (84 bytes).
    Removing vendor.o(i._ZN4__rw22__rw_digit_reader_base10_C_reallocERPcS1_Rj.clean), (8 bytes).
    Removing vendor.o(i._ZN4__rw22__rw_digit_reader_base14_C_parse_floatEPKcS2_Pv), (364 bytes).
    Removing vendor.o(i._ZN4__rw22__rw_digit_reader_base16_C_parse_decimalEPKcS2_), (88 bytes).
    Removing vendor.o(i._ZN4__rw22__rw_digit_reader_base8_C_parseEPKcPv), (124 bytes).
    Removing vendor.o(i._ZN4__rw22__rw_digit_reader_base8_C_parseEPKcm), (208 bytes).
    Removing vendor.o(i._ZN4__rw22__rw_digit_reader_base8_C_parseEPKcy), (176 bytes).
    Removing vendor.o(i._ZN4__rw22__rw_digit_writer_base11_C_digitizeEPKv), (124 bytes).
    Removing vendor.o(i._ZN4__rw22__rw_digit_writer_base11_C_digitizeEd), (244 bytes).
    Removing vendor.o(i._ZN4__rw22__rw_digit_writer_base11_C_digitizeEe), (244 bytes).
    Removing vendor.o(i._ZN4__rw22__rw_digit_writer_base11_C_digitizeEmbPKc), (70 bytes).
    Removing vendor.o(i._ZN4__rw22__rw_digit_writer_base11_C_digitizeEyb), (88 bytes).
    Removing vendor.o(i._ZN4__rw22__rw_digit_writer_base12_C_to_binaryEm), (68 bytes).
    Removing vendor.o(i._ZN4__rw22__rw_digit_writer_base12_C_to_binaryEy), (120 bytes).
    Removing vendor.o(i._ZN4__rw22__rw_digit_writer_base14_C_calc_groupsEiPKc), (74 bytes).
    Removing vendor.o(i._ZN4__rw22__rw_digit_writer_base14_C_get_patternEPcPKcb), (108 bytes).
    Removing vendor.o(i._ZN4__rw22__rw_digit_writer_base16_C_get_f_patternEPcc), (130 bytes).
    Removing vendor.o(.ARM.exidx), (8 bytes).
    Removing vendor.o(.ARM.exidx), (8 bytes).
    Removing vendor.o(.ARM.exidx), (8 bytes).
    Removing vendor.o(.ARM.exidx), (8 bytes).
    Removing vendor.o(.ARM.exidx), (8 bytes).
    Removing vendor.o(.ARM.exidx), (8 bytes).
    Removing vendor.o(.ARM.exidx), (8 bytes).
    Removing vendor.o(.ARM.exidx), (8 bytes).
    Removing vendor.o(.ARM.exidx), (8 bytes).
    Removing vendor.o(.ARM.exidx), (8 bytes).
    Removing vendor.o(.ARM.exidx), (8 bytes).
    Removing vendor.o(.ARM.exidx), (8 bytes).
    Removing vendor.o(.ARM.exidx), (8 bytes).
    Removing vendor.o(.ARM.exidx), (8 bytes).
    Removing vendor.o(.ARM.exidx), (8 bytes).
    Removing vendor.o(.ARM.exidx), (8 bytes).
    Removing vendor.o(.ARM.exidx), (8 bytes).
    Removing vendor.o(.ARM.exidx), (8 bytes).
    Removing vendor.o(.ARM.exidx), (8 bytes).
    Removing vendor.o(.ARM.exidx), (8 bytes).
    Removing vendor.o(.ARM.extab), (16 bytes).
    Removing vendor.o(.ARM.extab), (28 bytes).
    Removing vendor.o(.data), (8 bytes).
    Removing main.o(.constdata__ZTVSt8numpunctIcE), (40 bytes).
    Removing main.o(t._ZN4__rw23__rw_numpunct_impl_dataIcE16_C_initfacetbaseERKSt6locale), (34 bytes).
    Removing main.o(.ARM.exidx), (8 bytes).
    Removing main.o(t._ZN4__rw12__string_refIcSt11char_traitsIcESaIcEE4dataEv), (8 bytes).
    Removing main.o(.ARM.exidx), (8 bytes).
    Removing main.o(t._ZNKSs7_C_prefEv), (8 bytes).
    Removing main.o(.ARM.exidx), (8 bytes).
    Removing main.o(t._ZNKSs4sizeEv), (14 bytes).
    Removing main.o(.ARM.exidx), (8 bytes).
    Removing main.o(.ARM.exidx), (8 bytes).
    Removing main.o(t._ZNK4__rw12__string_refIcSt11char_traitsIcESaIcEE12_C_ref_countEv), (8 bytes).
    Removing main.o(.ARM.exidx), (8 bytes).
    Removing main.o(t._ZNKSs8capacityEv), (16 bytes).
    Removing main.o(.ARM.exidx), (8 bytes).
    Removing main.o(t._ZNSs7_C_nullEv), (16 bytes).
    Removing main.o(.ARM.exidx), (8 bytes).
    Removing main.o(t._ZNKSs4dataEv), (6 bytes).
    Removing main.o(.ARM.exidx), (8 bytes).
    Removing main.o(.constdata__ZTISt8numpunctIcE), (32 bytes).
    Removing main.o(.constdata__ZTINSt6locale5facetE), (12 bytes).
    Removing main.o(.constdata__ZTIN4__rw18__rw_numpunct_implIcEE), (12 bytes).
    Removing main.o(.constdata__ZTSSt8numpunctIcE), (15 bytes).
    Removing main.o(.constdata__ZTIN4__rw15__rw_facet_baseE), (12 bytes).
    Removing main.o(.constdata__ZTSNSt6locale5facetE), (18 bytes).
    Removing main.o(.constdata__ZTIN4__rw23__rw_numpunct_impl_dataIcEE), (32 bytes).
    Removing main.o(.constdata__ZTSN4__rw18__rw_numpunct_implIcEE), (31 bytes).
    Removing main.o(.constdata__ZTIN4__rw17__rw_synchronizedE), (8 bytes).
    Removing main.o(.constdata__ZTSN4__rw15__rw_facet_baseE), (25 bytes).
    Removing main.o(.constdata__ZTIN4__rw23__rw_numpunct_impl_baseE), (8 bytes).
    Removing main.o(.constdata__ZTIN4__rw15__rw_punct_dataIcEE), (8 bytes).
    Removing main.o(.constdata__ZTSN4__rw23__rw_numpunct_impl_dataIcEE), (36 bytes).
    Removing main.o(.constdata__ZTSN4__rw17__rw_synchronizedE), (27 bytes).
    Removing main.o(.constdata__ZTSN4__rw23__rw_numpunct_impl_baseE), (33 bytes).
    Removing main.o(.constdata__ZTSN4__rw15__rw_punct_dataIcEE), (28 bytes).
    Removing ios.o(.ARM.exidx), (8 bytes).
    Removing ios.o(.ARM.exidx), (8 bytes).
    Removing ios.o(.ARM.exidx), (8 bytes).
    Removing ios.o(.ARM.extab), (12 bytes).
    Removing ios.o(.ARM.exidx), (8 bytes).
    Removing ios.o(.ARM.exidx), (8 bytes).
    Removing ios.o(.ARM.exidx), (8 bytes).
    Removing ios.o(i._ZN4__rw27__rw_reallocate_temp_bufferEPvj), (148 bytes).
    Removing ios.o(i._ZN4__rw27__rw_reallocate_temp_bufferEPvj.clean), (4 bytes).
    Removing ios.o(.ARM.extab), (20 bytes).
    Removing ios.o(.ARM.exidx), (8 bytes).
    Removing ios.o(.ARM.exidx), (8 bytes).
    Removing ios.o(i._ZNSt8ios_baseD1Ev), (56 bytes).
    Removing ios.o(i._ZNSt8ios_baseD1Ev.clean), (10 bytes).
    Removing ios.o(.ARM.extab), (28 bytes).
    Removing ios.o(.ARM.exidx), (8 bytes).
    Removing ios.o(.ARM.exidx), (8 bytes).
    Removing ios.o(.ARM.exidx), (8 bytes).
    Removing ios.o(t._ZN4__rw23__rw_create_named_facetISt5ctypeIwEEEPT_S4_PKcj.clean), (10 bytes).
    Removing ios.o(.ARM.extab), (16 bytes).
    Removing ios.o(.ARM.exidx), (8 bytes).
    Removing ios.o(.ARM.exidx), (8 bytes).
    Removing ios.o(t._ZNSt9basic_iosIwSt11char_traitsIwEE4initEPSt15basic_streambufIwS1_E.clean), (10 bytes).
    Removing ios.o(.ARM.extab), (16 bytes).
    Removing ios.o(.ARM.exidx), (8 bytes).
    Removing ios.o(.ARM.exidx), (8 bytes).
    Removing ios.o(t._ZNSt13basic_ostreamIwSt11char_traitsIwEEC1EPSt15basic_streambufIwS1_E.clean), (10 bytes).
    Removing ios.o(.ARM.extab), (24 bytes).
    Removing ios.o(.ARM.exidx), (8 bytes).
    Removing ios.o(.ARM.exidx), (8 bytes).
    Removing ios.o(.ARM.exidx), (8 bytes).
    Removing ios.o(t._ZNSt13basic_filebufIwSt11char_traitsIwEEC1EPSt6__FILEPwl.clean), (10 bytes).
    Removing ios.o(.ARM.extab), (16 bytes).
    Removing ios.o(.ARM.exidx), (8 bytes).
    Removing ios.o(.ARM.exidx), (8 bytes).
    Removing ios.o(t._ZNSt9basic_iosIcSt11char_traitsIcEE4initEPSt15basic_streambufIcS1_E.clean), (10 bytes).
    Removing ios.o(.ARM.extab), (16 bytes).
    Removing ios.o(.ARM.exidx), (8 bytes).
    Removing ios.o(.ARM.exidx), (8 bytes).
    Removing ios.o(t._ZNSoC1EPSt15basic_streambufIcSt11char_traitsIcEE.clean), (10 bytes).
    Removing ios.o(.ARM.extab), (24 bytes).
    Removing ios.o(.ARM.exidx), (8 bytes).
    Removing ios.o(.ARM.exidx), (8 bytes).
    Removing ios.o(.ARM.exidx), (8 bytes).
    Removing ios.o(t._ZNSt13basic_filebufIcSt11char_traitsIcEEC1EPSt6__FILEPcl.clean), (10 bytes).
    Removing ios.o(.ARM.extab), (16 bytes).
    Removing ios.o(.ARM.exidx), (8 bytes).
    Removing ios.o(.ARM.exidx), (8 bytes).
    Removing ios.o(t._ZNSt8numpunctIcE12_C_initfacetERKSt6locale), (130 bytes).
    Removing ios.o(t._ZNSt8numpunctIcE12_C_initfacetERKSt6locale.clean), (14 bytes).
    Removing ios.o(.ARM.extab), (32 bytes).
    Removing ios.o(.ARM.exidx), (8 bytes).
    Removing ios.o(.ARM.exidx), (8 bytes).
    Removing ios.o(i._ZNSt8numpunctIcED1Ev), (16 bytes).
    Removing ios.o(.ARM.exidx), (8 bytes).
    Removing ios.o(.ARM.exidx), (8 bytes).
    Removing ios.o(i._ZNK4__rw11__rw_file_t9_C_is_stdEv), (40 bytes).
    Removing ios.o(.ARM.exidx), (8 bytes).
    Removing ios.o(t._ZN4__rw23__rw_create_named_facetISt7codecvtIccSt11__mbstate_tEEEPT_S5_PKcj.clean), (10 bytes).
    Removing ios.o(.ARM.extab), (16 bytes).
    Removing ios.o(.ARM.exidx), (8 bytes).
    Removing ios.o(.ARM.exidx), (8 bytes).
    Removing ios.o(t._ZNSt13basic_filebufIcSt11char_traitsIcEE10_C_unshiftEv), (114 bytes).
    Removing ios.o(.ARM.exidx), (8 bytes).
    Removing ios.o(t._ZNSt13basic_filebufIcSt11char_traitsIcEED1Ev), (40 bytes).
    Removing ios.o(t._ZNSt13basic_filebufIcSt11char_traitsIcEED1Ev.clean), (10 bytes).
    Removing ios.o(.ARM.extab), (28 bytes).
    Removing ios.o(.ARM.exidx), (8 bytes).
    Removing ios.o(.ARM.exidx), (8 bytes).
    Removing ios.o(t._ZNSt13basic_filebufIcSt11char_traitsIcEE9showmanycEv), (164 bytes).
    Removing ios.o(.ARM.exidx), (8 bytes).
    Removing ios.o(t._ZNSt13basic_filebufIcSt11char_traitsIcEE9underflowEv), (398 bytes).
    Removing ios.o(.ARM.exidx), (8 bytes).
    Removing ios.o(t._ZNSt13basic_filebufIcSt11char_traitsIcEE5uflowEv), (34 bytes).
    Removing ios.o(.ARM.exidx), (8 bytes).
    Removing ios.o(.ARM.exidx), (8 bytes).
    Removing ios.o(t._ZNSt13basic_filebufIcSt11char_traitsIcEE9pbackfailEi), (152 bytes).
    Removing ios.o(.ARM.exidx), (8 bytes).
    Removing ios.o(t._ZNSt13basic_filebufIcSt11char_traitsIcEE7seekoffElNSt8ios_base10_C_seekdirEi), (180 bytes).
    Removing ios.o(.ARM.exidx), (8 bytes).
    Removing ios.o(t._ZNSt13basic_filebufIcSt11char_traitsIcEE7seekposESt4fposISt11__mbstate_tEi), (150 bytes).
    Removing ios.o(.ARM.exidx), (8 bytes).
    Removing ios.o(.ARM.exidx), (8 bytes).
    Removing ios.o(t._ZNSt13basic_filebufIcSt11char_traitsIcEE6xsputnEPKcl), (94 bytes).
    Removing ios.o(.ARM.exidx), (8 bytes).
    Removing ios.o(.ARM.exidx), (8 bytes).
    Removing ios.o(t._ZN4__rw23__rw_create_named_facetISt7codecvtIwcSt11__mbstate_tEEEPT_S5_PKcj.clean), (10 bytes).
    Removing ios.o(.ARM.extab), (16 bytes).
    Removing ios.o(.ARM.exidx), (8 bytes).
    Removing ios.o(.ARM.exidx), (8 bytes).
    Removing ios.o(t._ZNSt13basic_filebufIwSt11char_traitsIwEE10_C_unshiftEv), (114 bytes).
    Removing ios.o(.ARM.exidx), (8 bytes).
    Removing ios.o(t._ZNSt13basic_filebufIwSt11char_traitsIwEED1Ev), (40 bytes).
    Removing ios.o(t._ZNSt13basic_filebufIwSt11char_traitsIwEED1Ev.clean), (10 bytes).
    Removing ios.o(.ARM.extab), (28 bytes).
    Removing ios.o(.ARM.exidx), (8 bytes).
    Removing ios.o(.ARM.exidx), (8 bytes).
    Removing ios.o(t._ZNSt13basic_filebufIwSt11char_traitsIwEE9showmanycEv), (166 bytes).
    Removing ios.o(.ARM.exidx), (8 bytes).
    Removing ios.o(t._ZNSt13basic_filebufIwSt11char_traitsIwEE9underflowEv), (424 bytes).
    Removing ios.o(.ARM.exidx), (8 bytes).
    Removing ios.o(t._ZNSt13basic_filebufIwSt11char_traitsIwEE5uflowEv), (34 bytes).
    Removing ios.o(.ARM.exidx), (8 bytes).
    Removing ios.o(.ARM.exidx), (8 bytes).
    Removing ios.o(t._ZNSt13basic_filebufIwSt11char_traitsIwEE9pbackfailEi), (152 bytes).
    Removing ios.o(.ARM.exidx), (8 bytes).
    Removing ios.o(t._ZNSt13basic_filebufIwSt11char_traitsIwEE7seekoffElNSt8ios_base10_C_seekdirEi), (180 bytes).
    Removing ios.o(.ARM.exidx), (8 bytes).
    Removing ios.o(t._ZNSt13basic_filebufIwSt11char_traitsIwEE7seekposESt4fposISt11__mbstate_tEi), (150 bytes).
    Removing ios.o(.ARM.exidx), (8 bytes).
    Removing ios.o(.ARM.exidx), (8 bytes).
    Removing ios.o(t._ZNSt13basic_filebufIwSt11char_traitsIwEE6xsputnEPKwl), (98 bytes).
    Removing ios.o(.ARM.exidx), (8 bytes).
    Removing ios.o(i._ZnwjPv), (4 bytes).
    Removing ios.o(.ARM.exidx), (8 bytes).
    Removing ios.o(i._ZdlPvS_), (2 bytes).
    Removing ios.o(.ARM.exidx), (8 bytes).
    Removing ios.o(.ARM.exidx), (8 bytes).
    Removing ios.o(.ARM.exidx), (8 bytes).
    Removing ios.o(.ARM.exidx), (8 bytes).
    Removing ios.o(i._ZNSt11char_traitsIwE4copyEPwPKwj), (14 bytes).
    Removing ios.o(.ARM.exidx), (8 bytes).
    Removing ios.o(.ARM.exidx), (8 bytes).
    Removing ios.o(.ARM.exidx), (8 bytes).
    Removing ios.o(t._ZNSaIcEC1ERKS_), (2 bytes).
    Removing ios.o(.ARM.exidx), (8 bytes).
    Removing ios.o(t._ZNSaIN4__rw12__string_refIcSt11char_traitsIcESaIcEEEEC1IcEERKSaIT_E), (2 bytes).
    Removing ios.o(.ARM.exidx), (8 bytes).
    Removing ios.o(.ARM.extab), (16 bytes).
    Removing ios.o(.ARM.exidx), (8 bytes).
    Removing ios.o(.ARM.extab), (16 bytes).
    Removing ios.o(.ARM.exidx), (8 bytes).
    Removing ios.o(.ARM.exidx), (8 bytes).
    Removing ios.o(.ARM.exidx), (8 bytes).
    Removing ios.o(i._ZNSt6locale5facetD1Ev), (2 bytes).
    Removing ios.o(.ARM.exidx), (8 bytes).
    Removing ios.o(t._ZN4__rw17__rw_resize_arrayIljEEPT_S2_RT0_i), (94 bytes).
    Removing ios.o(.ARM.extab), (20 bytes).
    Removing ios.o(.ARM.exidx), (8 bytes).
    Removing ios.o(t._ZN4__rw17__rw_resize_arrayIPvjEEPT_S3_RT0_i), (94 bytes).
    Removing ios.o(.ARM.extab), (20 bytes).
    Removing ios.o(.ARM.exidx), (8 bytes).
    Removing ios.o(t._ZN4__rw17__rw_resize_arrayINSt8ios_base11_C_event_cbEjEEPT_S4_RT0_i), (94 bytes).
    Removing ios.o(.ARM.extab), (20 bytes).
    Removing ios.o(.ARM.exidx), (8 bytes).
    Removing ios.o(t._ZSt23return_temporary_bufferINSt8ios_base11_C_event_cbEEvPT_), (14 bytes).
    Removing ios.o(.ARM.exidx), (8 bytes).
    Removing ios.o(i._ZNSt9basic_iosIwSt11char_traitsIwEED1Ev), (8 bytes).
    Removing ios.o(.ARM.exidx), (8 bytes).
    Removing ios.o(i._ZNSt5ctypeIwEC1Ej.clean), (4 bytes).
    Removing ios.o(.ARM.exidx), (8 bytes).
    Removing ios.o(.ARM.exidx), (8 bytes).
    Removing ios.o(t._ZN4__rw16__rw_facet_makerISt5ctypeIwEE13_C_maker_funcEiPKcj.clean), (10 bytes).
    Removing ios.o(.ARM.extab), (16 bytes).
    Removing ios.o(.ARM.exidx), (8 bytes).
    Removing ios.o(.ARM.exidx), (8 bytes).
    Removing ios.o(.ARM.exidx), (8 bytes).
    Removing ios.o(t._ZNSt15basic_streambufIwSt11char_traitsIwEED1Ev), (20 bytes).
    Removing ios.o(.ARM.exidx), (8 bytes).
    Removing ios.o(.ARM.exidx), (8 bytes).
    Removing ios.o(.ARM.exidx), (8 bytes).
    Removing ios.o(.ARM.exidx), (8 bytes).
    Removing ios.o(.ARM.exidx), (8 bytes).
    Removing ios.o(i._ZNSt9basic_iosIcSt11char_traitsIcEED1Ev), (8 bytes).
    Removing ios.o(.ARM.exidx), (8 bytes).
    Removing ios.o(t._ZN4__rw16__rw_facet_makerISt5ctypeIcEE13_C_maker_funcEiPKcj.clean), (16 bytes).
    Removing ios.o(.ARM.extab), (32 bytes).
    Removing ios.o(.ARM.exidx), (8 bytes).
    Removing ios.o(.ARM.exidx), (8 bytes).
    Removing ios.o(.ARM.exidx), (8 bytes).
    Removing ios.o(t._ZNSt15basic_streambufIcSt11char_traitsIcEED1Ev), (20 bytes).
    Removing ios.o(.ARM.exidx), (8 bytes).
    Removing ios.o(.ARM.exidx), (8 bytes).
    Removing ios.o(.ARM.exidx), (8 bytes).
    Removing ios.o(.ARM.exidx), (8 bytes).
    Removing ios.o(.ARM.exidx), (8 bytes).
    Removing ios.o(t._ZNKSt8numpunctIcE16do_decimal_pointEv), (4 bytes).
    Removing ios.o(.ARM.exidx), (8 bytes).
    Removing ios.o(t._ZNKSt8numpunctIcE16do_thousands_sepEv), (4 bytes).
    Removing ios.o(.ARM.exidx), (8 bytes).
    Removing ios.o(t._ZNKSt8numpunctIcE11do_groupingEv), (6 bytes).
    Removing ios.o(.ARM.exidx), (8 bytes).
    Removing ios.o(t._ZNKSt8numpunctIcE11do_truenameEv), (6 bytes).
    Removing ios.o(.ARM.exidx), (8 bytes).
    Removing ios.o(t._ZNKSt8numpunctIcE12do_falsenameEv), (6 bytes).
    Removing ios.o(.ARM.exidx), (8 bytes).
    Removing ios.o(i._ZN4__rw18__rw_numpunct_implIcED1Ev), (8 bytes).
    Removing ios.o(.ARM.exidx), (8 bytes).
    Removing ios.o(i._ZNSt8numpunctIcED0Ev), (14 bytes).
    Removing ios.o(.ARM.exidx), (8 bytes).
    Removing ios.o(.ARM.exidx), (8 bytes).
    Removing ios.o(.ARM.exidx), (8 bytes).
    Removing ios.o(.ARM.extab), (16 bytes).
    Removing ios.o(.ARM.exidx), (8 bytes).
    Removing ios.o(.ARM.extab), (16 bytes).
    Removing ios.o(.ARM.exidx), (8 bytes).
    Removing ios.o(i._ZNKSt7codecvtIccSt11__mbstate_tE10max_lengthEv), (10 bytes).
    Removing ios.o(.ARM.extab), (16 bytes).
    Removing ios.o(.ARM.exidx), (8 bytes).
    Removing ios.o(.ARM.exidx), (8 bytes).
    Removing ios.o(.ARM.exidx), (8 bytes).
    Removing ios.o(.ARM.extab), (16 bytes).
    Removing ios.o(.ARM.exidx), (8 bytes).
    Removing ios.o(.ARM.extab), (16 bytes).
    Removing ios.o(.ARM.exidx), (8 bytes).
    Removing ios.o(i._ZNKSt7codecvtIwcSt11__mbstate_tE10max_lengthEv), (10 bytes).
    Removing ios.o(.ARM.extab), (16 bytes).
    Removing ios.o(.ARM.exidx), (8 bytes).
    Removing ios.o(t._ZNSt15basic_streambufIcSt11char_traitsIcEE5imbueERKSt6locale), (6 bytes).
    Removing ios.o(.ARM.exidx), (8 bytes).
    Removing ios.o(t._ZNSt15basic_streambufIcSt11char_traitsIcEE6xsgetnEPcl), (74 bytes).
    Removing ios.o(.ARM.exidx), (8 bytes).
    Removing ios.o(.ARM.exidx), (8 bytes).
    Removing ios.o(t._ZNKSt15basic_streambufIcSt11char_traitsIcEE16_C_putback_availEv), (22 bytes).
    Removing ios.o(.ARM.exidx), (8 bytes).
    Removing ios.o(.ARM.exidx), (8 bytes).
    Removing ios.o(.ARM.exidx), (8 bytes).
    Removing ios.o(.ARM.exidx), (8 bytes).
    Removing ios.o(t._ZNKSt4fposISt11__mbstate_tEmiERKS1_), (30 bytes).
    Removing ios.o(.ARM.exidx), (8 bytes).
    Removing ios.o(.ARM.exidx), (8 bytes).
    Removing ios.o(.ARM.exidx), (8 bytes).
    Removing ios.o(t._ZNKSt4fposISt11__mbstate_tEneERKS1_), (12 bytes).
    Removing ios.o(.ARM.exidx), (8 bytes).
    Removing ios.o(.ARM.exidx), (8 bytes).
    Removing ios.o(.ARM.exidx), (8 bytes).
    Removing ios.o(.ARM.exidx), (8 bytes).
    Removing ios.o(t._ZNSt13basic_filebufIcSt11char_traitsIcEE5closeEv), (148 bytes).
    Removing ios.o(.ARM.exidx), (8 bytes).
    Removing ios.o(t._ZNSt13basic_filebufIcSt11char_traitsIcEED0Ev), (14 bytes).
    Removing ios.o(.ARM.exidx), (8 bytes).
    Removing ios.o(.ARM.exidx), (8 bytes).
    Removing ios.o(i._ZN4__rw11__rw_file_t7_C_readEPvjj), (40 bytes).
    Removing ios.o(.ARM.exidx), (8 bytes).
    Removing ios.o(t._ZSt3minIiERKT_S2_S2_), (12 bytes).
    Removing ios.o(.ARM.exidx), (8 bytes).
    Removing ios.o(t._ZSt3minIlERKT_S2_S2_), (12 bytes).
    Removing ios.o(.ARM.exidx), (8 bytes).
    Removing ios.o(t._ZNSt15basic_streambufIwSt11char_traitsIwEE5imbueERKSt6locale), (6 bytes).
    Removing ios.o(.ARM.exidx), (8 bytes).
    Removing ios.o(t._ZNSt15basic_streambufIwSt11char_traitsIwEE6xsgetnEPwl), (78 bytes).
    Removing ios.o(.ARM.exidx), (8 bytes).
    Removing ios.o(.ARM.exidx), (8 bytes).
    Removing ios.o(t._ZNKSt15basic_streambufIwSt11char_traitsIwEE16_C_putback_availEv), (24 bytes).
    Removing ios.o(.ARM.exidx), (8 bytes).
    Removing ios.o(.ARM.exidx), (8 bytes).
    Removing ios.o(.ARM.exidx), (8 bytes).
    Removing ios.o(.ARM.exidx), (8 bytes).
    Removing ios.o(t._ZNSt13basic_filebufIwSt11char_traitsIwEE5closeEv), (148 bytes).
    Removing ios.o(.ARM.exidx), (8 bytes).
    Removing ios.o(t._ZNSt13basic_filebufIwSt11char_traitsIwEED0Ev), (14 bytes).
    Removing ios.o(.ARM.exidx), (8 bytes).
    Removing ios.o(.ARM.exidx), (8 bytes).
    Removing ios.o(.ARM.exidx), (8 bytes).
    Removing ios.o(.ARM.exidx), (8 bytes).
    Removing ios.o(.ARM.exidx), (8 bytes).
    Removing ios.o(.ARM.extab), (16 bytes).
    Removing ios.o(.ARM.exidx), (8 bytes).
    Removing ios.o(.ARM.exidx), (8 bytes).
    Removing ios.o(i._ZN4__rw23__rw_numpunct_impl_dataIcED1Ev), (22 bytes).
    Removing ios.o(.ARM.exidx), (8 bytes).
    Removing ios.o(.ARM.exidx), (8 bytes).
    Removing ios.o(.ARM.exidx), (8 bytes).
    Removing ios.o(i._ZN4__rw11__rw_file_t8_C_closeEv), (26 bytes).
    Removing ios.o(.ARM.exidx), (8 bytes).
    Removing ios.o(t._ZN4__rw16__rw_facet_makerISt7codecvtIccSt11__mbstate_tEE13_C_maker_funcEiPKcj.clean), (10 bytes).
    Removing ios.o(.ARM.extab), (16 bytes).
    Removing ios.o(.ARM.exidx), (8 bytes).
    Removing ios.o(.ARM.exidx), (8 bytes).
    Removing ios.o(.ARM.exidx), (8 bytes).
    Removing ios.o(t._ZN4__rw16__rw_facet_makerISt7codecvtIwcSt11__mbstate_tEE13_C_maker_funcEiPKcj.clean), (10 bytes).
    Removing ios.o(.ARM.extab), (16 bytes).
    Removing ios.o(.ARM.exidx), (8 bytes).
    Removing ios.o(.ARM.exidx), (8 bytes).
    Removing ios.o(i._ZN4__rw15__rw_punct_dataIcED1Ev), (12 bytes).
    Removing ios.o(.ARM.exidx), (8 bytes).
    Removing ios.o(.constdata__ZTISt13basic_filebufIcSt11char_traitsIcEE), (12 bytes).
    Removing ios.o(.constdata__ZTISt13basic_filebufIwSt11char_traitsIwEE), (12 bytes).
    Removing ios.o(.bss__ZZN4__rw19__rw_get_static_bufEvE8__buffer), (4104 bytes).
    Removing ios.o(.data__ZZN4__rw27__rw_reallocate_temp_bufferEPvjE8__buffer), (8 bytes).
    Removing ios.o(.data__ZZN4__rw27__rw_reallocate_temp_bufferEPvjE6__busy), (4 bytes).
    Removing ios.o(.constdata__ZTISt5ctypeIwE), (40 bytes).
    Removing ios.o(.constdata__ZTISt7codecvtIccSt11__mbstate_tE), (32 bytes).
    Removing ios.o(.constdata__ZTISt7codecvtIwcSt11__mbstate_tE), (32 bytes).
    Removing ios.o(.constdata__ZTISt15basic_streambufIcSt11char_traitsIcEE), (12 bytes).
    Removing ios.o(.constdata__ZTISt15basic_streambufIwSt11char_traitsIwEE), (12 bytes).
    Removing ios.o(.constdata__ZTISt8ios_base), (12 bytes).
    Removing ios.o(.constdata__ZTISt9basic_iosIcSt11char_traitsIcEE), (12 bytes).
    Removing ios.o(.constdata__ZTISt9basic_iosIwSt11char_traitsIwEE), (12 bytes).
    Removing ios.o(.constdata__ZTSSt13basic_filebufIcSt11char_traitsIcEE), (39 bytes).
    Removing ios.o(.constdata__ZTSSt13basic_filebufIwSt11char_traitsIwEE), (39 bytes).
    Removing ios.o(.constdata__ZTISo), (24 bytes).
    Removing ios.o(.constdata__ZTISt13basic_ostreamIwSt11char_traitsIwEE), (24 bytes).
    Removing ios.o(.constdata__ZTISi), (24 bytes).
    Removing ios.o(.constdata__ZTISt13basic_istreamIwSt11char_traitsIwEE), (24 bytes).
    Removing ios.o(.constdata__ZTSSt8ios_base), (12 bytes).
    Removing ios.o(.constdata__ZTISt10ctype_base), (8 bytes).
    Removing ios.o(.constdata__ZTIN4__rw17__rw_ctype_helperIwEE), (8 bytes).
    Removing ios.o(.constdata__ZTSSt5ctypeIwE), (12 bytes).
    Removing ios.o(.constdata__ZTSSt9basic_iosIcSt11char_traitsIcEE), (34 bytes).
    Removing ios.o(.constdata__ZTSSt9basic_iosIwSt11char_traitsIwEE), (34 bytes).
    Removing ios.o(.constdata__ZTISt12codecvt_base), (8 bytes).
    Removing ios.o(.constdata__ZTSSt7codecvtIccSt11__mbstate_tE), (30 bytes).
    Removing ios.o(.constdata__ZTSSt7codecvtIwcSt11__mbstate_tE), (30 bytes).
    Removing ios.o(.constdata__ZTSSt15basic_streambufIcSt11char_traitsIcEE), (41 bytes).
    Removing ios.o(.constdata__ZTSSt15basic_streambufIwSt11char_traitsIwEE), (41 bytes).
    Removing ios.o(.constdata__ZTSSt10ctype_base), (15 bytes).
    Removing ios.o(.constdata__ZTSN4__rw17__rw_ctype_helperIwEE), (30 bytes).
    Removing ios.o(.constdata__ZTSSo), (3 bytes).
    Removing ios.o(.constdata__ZTSSt13basic_ostreamIwSt11char_traitsIwEE), (39 bytes).
    Removing ios.o(.constdata__ZTSSt12codecvt_base), (17 bytes).
    Removing ios.o(.constdata__ZTSSi), (3 bytes).
    Removing ios.o(.constdata__ZTSSt13basic_istreamIwSt11char_traitsIwEE), (39 bytes).
    Removing ios.o(.ARM.exidx), (8 bytes).
    Removing ios.o(i._ZNSt8ios_baseD0Ev), (14 bytes).
    Removing ios.o(.ARM.exidx), (8 bytes).
    Removing ios.o(i._ZNKSt5ctypeIwE5do_isENSt10ctype_base4maskEw), (18 bytes).
    Removing ios.o(.ARM.exidx), (8 bytes).
    Removing ios.o(i._ZNKSt5ctypeIwE5do_isEPKwS2_PNSt10ctype_base4maskE), (30 bytes).
    Removing ios.o(.ARM.exidx), (8 bytes).
    Removing ios.o(i._ZNKSt5ctypeIwE10do_scan_isENSt10ctype_base4maskEPKwS4_), (30 bytes).
    Removing ios.o(.ARM.exidx), (8 bytes).
    Removing ios.o(i._ZNKSt5ctypeIwE11do_scan_notENSt10ctype_base4maskEPKwS4_), (30 bytes).
    Removing ios.o(.ARM.exidx), (8 bytes).
    Removing ios.o(i._ZNKSt5ctypeIwE10do_toupperEPwPKw), (36 bytes).
    Removing ios.o(.ARM.exidx), (8 bytes).
    Removing ios.o(i._ZNKSt5ctypeIwE10do_toupperEw), (24 bytes).
    Removing ios.o(.ARM.exidx), (8 bytes).
    Removing ios.o(i._ZNKSt5ctypeIwE10do_tolowerEPwPKw), (36 bytes).
    Removing ios.o(.ARM.exidx), (8 bytes).
    Removing ios.o(i._ZNKSt5ctypeIwE10do_tolowerEw), (24 bytes).
    Removing ios.o(.ARM.exidx), (8 bytes).
    Removing ios.o(i._ZNKSt5ctypeIwE8do_widenEPKcS2_Pw), (18 bytes).
    Removing ios.o(.ARM.exidx), (8 bytes).
    Removing ios.o(.ARM.exidx), (8 bytes).
    Removing ios.o(i._ZNKSt5ctypeIwE9do_narrowEPKwS2_cPc), (44 bytes).
    Removing ios.o(.ARM.exidx), (8 bytes).
    Removing ios.o(i._ZNKSt5ctypeIwE9do_narrowEwc), (22 bytes).
    Removing ios.o(.ARM.exidx), (8 bytes).
    Removing ios.o(.ARM.exidx), (8 bytes).
    Removing ios.o(.ARM.exidx), (8 bytes).
    Removing ios.o(i._ZNSt9basic_iosIcSt11char_traitsIcEED0Ev), (14 bytes).
    Removing ios.o(.ARM.exidx), (8 bytes).
    Removing ios.o(i._ZNSoD1Ev), (28 bytes).
    Removing ios.o(.ARM.exidx), (8 bytes).
    Removing ios.o(i._ZNSoD0Ev), (14 bytes).
    Removing ios.o(.ARM.exidx), (8 bytes).
    Removing ios.o(i._ZTv0_n12_NSoD0Ev), (12 bytes).
    Removing ios.o(.ARM.exidx), (8 bytes).
    Removing ios.o(i._ZTv0_n12_NSoD1Ev), (16 bytes).
    Removing ios.o(.ARM.exidx), (8 bytes).
    Removing ios.o(i._ZNSt9basic_iosIwSt11char_traitsIwEED0Ev), (14 bytes).
    Removing ios.o(.ARM.exidx), (8 bytes).
    Removing ios.o(i._ZNSt13basic_ostreamIwSt11char_traitsIwEED1Ev), (28 bytes).
    Removing ios.o(.ARM.exidx), (8 bytes).
    Removing ios.o(i._ZNSt13basic_ostreamIwSt11char_traitsIwEED0Ev), (14 bytes).
    Removing ios.o(.ARM.exidx), (8 bytes).
    Removing ios.o(i._ZTv0_n12_NSt13basic_ostreamIwSt11char_traitsIwEED0Ev), (12 bytes).
    Removing ios.o(.ARM.exidx), (8 bytes).
    Removing ios.o(i._ZTv0_n12_NSt13basic_ostreamIwSt11char_traitsIwEED1Ev), (16 bytes).
    Removing ios.o(.ARM.exidx), (8 bytes).
    Removing ios.o(.ARM.exidx), (8 bytes).
    Removing ios.o(i._ZNKSt7codecvtIccSt11__mbstate_tE5do_inERS0_PKcS4_RS4_PcS6_RS6_), (14 bytes).
    Removing ios.o(.ARM.exidx), (8 bytes).
    Removing ios.o(i._ZNKSt7codecvtIccSt11__mbstate_tE10do_unshiftERS0_PcS3_RS3_), (8 bytes).
    Removing ios.o(.ARM.exidx), (8 bytes).
    Removing ios.o(.ARM.exidx), (8 bytes).
    Removing ios.o(.ARM.exidx), (8 bytes).
    Removing ios.o(i._ZNKSt7codecvtIccSt11__mbstate_tE9do_lengthERKS0_PKcS5_j), (12 bytes).
    Removing ios.o(.ARM.exidx), (8 bytes).
    Removing ios.o(i._ZNKSt7codecvtIccSt11__mbstate_tE13do_max_lengthEv), (4 bytes).
    Removing ios.o(.ARM.exidx), (8 bytes).
    Removing ios.o(.ARM.exidx), (8 bytes).
    Removing ios.o(.ARM.exidx), (8 bytes).
    Removing ios.o(.ARM.exidx), (8 bytes).
    Removing ios.o(i._ZNKSt7codecvtIwcSt11__mbstate_tE5do_inERS0_PKcS4_RS4_PwS6_RS6_), (48 bytes).
    Removing ios.o(.ARM.exidx), (8 bytes).
    Removing ios.o(i._ZNKSt7codecvtIwcSt11__mbstate_tE10do_unshiftERS0_PcS3_RS3_), (8 bytes).
    Removing ios.o(.ARM.exidx), (8 bytes).
    Removing ios.o(.ARM.exidx), (8 bytes).
    Removing ios.o(.ARM.exidx), (8 bytes).
    Removing ios.o(i._ZNKSt7codecvtIwcSt11__mbstate_tE9do_lengthERKS0_PKcS5_j), (12 bytes).
    Removing ios.o(.ARM.exidx), (8 bytes).
    Removing ios.o(i._ZNKSt7codecvtIwcSt11__mbstate_tE13do_max_lengthEv), (4 bytes).
    Removing ios.o(.ARM.exidx), (8 bytes).
    Removing ios.o(.ARM.exidx), (8 bytes).
    Removing ios.o(.ARM.exidx), (8 bytes).
    Removing ios.o(i._ZNSiD1Ev), (28 bytes).
    Removing ios.o(.ARM.exidx), (8 bytes).
    Removing ios.o(i._ZNSiD0Ev), (14 bytes).
    Removing ios.o(.ARM.exidx), (8 bytes).
    Removing ios.o(i._ZTv0_n12_NSiD0Ev), (12 bytes).
    Removing ios.o(.ARM.exidx), (8 bytes).
    Removing ios.o(i._ZTv0_n12_NSiD1Ev), (16 bytes).
    Removing ios.o(.ARM.exidx), (8 bytes).
    Removing ios.o(t._ZNSt15basic_streambufIcSt11char_traitsIcEED0Ev), (14 bytes).
    Removing ios.o(.ARM.exidx), (8 bytes).
    Removing ios.o(.ARM.exidx), (8 bytes).
    Removing ios.o(t._ZNSt15basic_streambufIcSt11char_traitsIcEE7seekoffElNSt8ios_base10_C_seekdirEi), (8 bytes).
    Removing ios.o(.ARM.exidx), (8 bytes).
    Removing ios.o(t._ZNSt15basic_streambufIcSt11char_traitsIcEE7seekposESt4fposISt11__mbstate_tEi), (8 bytes).
    Removing ios.o(.ARM.exidx), (8 bytes).
    Removing ios.o(t._ZNSt15basic_streambufIcSt11char_traitsIcEE9showmanycEv), (4 bytes).
    Removing ios.o(.ARM.exidx), (8 bytes).
    Removing ios.o(t._ZNSt15basic_streambufIcSt11char_traitsIcEE9underflowEv), (6 bytes).
    Removing ios.o(.ARM.exidx), (8 bytes).
    Removing ios.o(t._ZNSt15basic_streambufIcSt11char_traitsIcEE5uflowEv), (38 bytes).
    Removing ios.o(.ARM.exidx), (8 bytes).
    Removing ios.o(.ARM.exidx), (8 bytes).
    Removing ios.o(t._ZNSt15basic_streambufIcSt11char_traitsIcEE9pbackfailEi), (6 bytes).
    Removing ios.o(.ARM.exidx), (8 bytes).
    Removing ios.o(t._ZNSt15basic_streambufIcSt11char_traitsIcEE6xsputnEPKcl), (46 bytes).
    Removing ios.o(.ARM.exidx), (8 bytes).
    Removing ios.o(t._ZNSt15basic_streambufIcSt11char_traitsIcEE4syncEv), (4 bytes).
    Removing ios.o(.ARM.exidx), (8 bytes).
    Removing ios.o(i._ZNSt13basic_istreamIwSt11char_traitsIwEED1Ev), (28 bytes).
    Removing ios.o(.ARM.exidx), (8 bytes).
    Removing ios.o(i._ZNSt13basic_istreamIwSt11char_traitsIwEED0Ev), (14 bytes).
    Removing ios.o(.ARM.exidx), (8 bytes).
    Removing ios.o(i._ZTv0_n12_NSt13basic_istreamIwSt11char_traitsIwEED0Ev), (12 bytes).
    Removing ios.o(.ARM.exidx), (8 bytes).
    Removing ios.o(i._ZTv0_n12_NSt13basic_istreamIwSt11char_traitsIwEED1Ev), (16 bytes).
    Removing ios.o(.ARM.exidx), (8 bytes).
    Removing ios.o(t._ZNSt15basic_streambufIwSt11char_traitsIwEED0Ev), (14 bytes).
    Removing ios.o(.ARM.exidx), (8 bytes).
    Removing ios.o(.ARM.exidx), (8 bytes).
    Removing ios.o(t._ZNSt15basic_streambufIwSt11char_traitsIwEE7seekoffElNSt8ios_base10_C_seekdirEi), (8 bytes).
    Removing ios.o(.ARM.exidx), (8 bytes).
    Removing ios.o(t._ZNSt15basic_streambufIwSt11char_traitsIwEE7seekposESt4fposISt11__mbstate_tEi), (8 bytes).
    Removing ios.o(.ARM.exidx), (8 bytes).
    Removing ios.o(t._ZNSt15basic_streambufIwSt11char_traitsIwEE9showmanycEv), (4 bytes).
    Removing ios.o(.ARM.exidx), (8 bytes).
    Removing ios.o(t._ZNSt15basic_streambufIwSt11char_traitsIwEE9underflowEv), (6 bytes).
    Removing ios.o(.ARM.exidx), (8 bytes).
    Removing ios.o(t._ZNSt15basic_streambufIwSt11char_traitsIwEE5uflowEv), (38 bytes).
    Removing ios.o(.ARM.exidx), (8 bytes).
    Removing ios.o(.ARM.exidx), (8 bytes).
    Removing ios.o(t._ZNSt15basic_streambufIwSt11char_traitsIwEE9pbackfailEi), (6 bytes).
    Removing ios.o(.ARM.exidx), (8 bytes).
    Removing ios.o(t._ZNSt15basic_streambufIwSt11char_traitsIwEE6xsputnEPKwl), (46 bytes).
    Removing ios.o(.ARM.exidx), (8 bytes).
    Removing ios.o(t._ZNSt15basic_streambufIwSt11char_traitsIwEE4syncEv), (4 bytes).
    Removing ios.o(.ARM.exidx), (8 bytes).
    Removing ios.o(.ARM.exidx), (8 bytes).
    Removing ios.o(i._ZNSt5ctypeIwE7_C_fitsEw), (12 bytes).
    Removing ios.o(.ARM.exidx), (8 bytes).
    Removing ios.o(i._ZNSt5ctypeIwE7mask_ofEw), (24 bytes).
    Removing ios.o(.ARM.exidx), (8 bytes).
    Removing ios.o(i._ZNSoD2Ev), (24 bytes).
    Removing ios.o(.ARM.exidx), (8 bytes).
    Removing ios.o(i._ZNSt13basic_ostreamIwSt11char_traitsIwEED2Ev), (24 bytes).
    Removing ios.o(.ARM.exidx), (8 bytes).
    Removing ios.o(i._ZNSiD2Ev), (24 bytes).
    Removing ios.o(.ARM.exidx), (8 bytes).
    Removing ios.o(i._ZNSt13basic_istreamIwSt11char_traitsIwEED2Ev), (24 bytes).
    Removing ios.o(.ARM.exidx), (8 bytes).
    Removing ios.o(i._ZNSt5ctypeIcE13classic_tableEv), (8 bytes).
    Removing ios.o(.ARM.exidx), (8 bytes).
    Removing ios.o(i.__ARM_common_noexcept_landing), (4 bytes).
    Removing ios.o(.ARM.exidx), (8 bytes).
    Removing rwstdexcept.o(t._ZNKSt8messagesIcE6do_getEiiiRKSs.clean), (10 bytes).
    Removing rwstdexcept.o(.ARM.extab), (16 bytes).
    Removing rwstdexcept.o(.ARM.exidx), (8 bytes).
    Removing rwstdexcept.o(.ARM.exidx), (8 bytes).
    Removing rwstdexcept.o(.ARM.exidx), (8 bytes).
    Removing rwstdexcept.o(.ARM.exidx), (8 bytes).
    Removing rwstdexcept.o(.ARM.exidx), (8 bytes).
    Removing rwstdexcept.o(.ARM.exidx), (8 bytes).
    Removing rwstdexcept.o(t._ZNKSt8messagesIcE8do_closeEi), (6 bytes).
    Removing rwstdexcept.o(.ARM.exidx), (8 bytes).
    Removing rwstdexcept.o(.ARM.exidx), (8 bytes).
    Removing rwstdexcept.o(.constdata__ZTISt8messagesIcE), (32 bytes).
    Removing rwstdexcept.o(.constdata__ZTISt14__rw_exception), (12 bytes).
    Removing rwstdexcept.o(.constdata__ZTISt18__rw_messages_base), (12 bytes).
    Removing rwstdexcept.o(.constdata__ZTSSt8messagesIcE), (15 bytes).
    Removing rwstdexcept.o(.constdata__ZTSSt14__rw_exception), (19 bytes).
    Removing rwstdexcept.o(.constdata__ZTISt13messages_base), (8 bytes).
    Removing rwstdexcept.o(.constdata__ZTSSt18__rw_messages_base), (23 bytes).
    Removing rwstdexcept.o(.constdata__ZTSSt13messages_base), (18 bytes).
    Removing rwstdexcept.o(.ARM.exidx), (8 bytes).
    Removing rwstdexcept.o(i._ZNSt14__rw_exceptionD0Ev), (14 bytes).
    Removing rwstdexcept.o(.ARM.exidx), (8 bytes).
    Removing rwstdexcept.o(.ARM.exidx), (8 bytes).
    Removing char.o(.constdata__ZTVSt7collateIcE), (32 bytes).
    Removing char.o(.constdata__ZTVSt14collate_bynameIcE), (32 bytes).
    Removing char.o(.constdata__ZZNSsC1EPKcjRKSaIcEEs), (1 bytes).
    Removing char.o(t._ZNSsC1EPKcjRKSaIcE), (92 bytes).
    Removing char.o(.ARM.exidx), (8 bytes).
    Removing char.o(t._ZNSs5beginEv), (88 bytes).
    Removing char.o(.ARM.exidx), (8 bytes).
    Removing char.o(.ARM.exidx), (8 bytes).
    Removing char.o(t._ZNK4__rw17__rw_collate_dataIcE13_C_coll_orderEc), (52 bytes).
    Removing char.o(.ARM.exidx), (8 bytes).
    Removing char.o(t._ZNKSt7collateIcE10do_compareEPKcS2_S2_S2_), (98 bytes).
    Removing char.o(.ARM.extab), (12 bytes).
    Removing char.o(.ARM.exidx), (8 bytes).
    Removing char.o(t._ZNKSt7collateIcE12do_transformEPKcS2_), (64 bytes).
    Removing char.o(t._ZNKSt7collateIcE12do_transformEPKcS2_.clean), (10 bytes).
    Removing char.o(.ARM.extab), (16 bytes).
    Removing char.o(.ARM.exidx), (8 bytes).
    Removing char.o(.ARM.exidx), (8 bytes).
    Removing char.o(t._ZNKSt7collateIcE7do_hashEPKcS2_), (66 bytes).
    Removing char.o(t._ZNKSt7collateIcE7do_hashEPKcS2_.clean), (4 bytes).
    Removing char.o(.ARM.exidx), (8 bytes).
    Removing char.o(.ARM.exidx), (8 bytes).
    Removing char.o(i._ZNSt7collateIcED1Ev), (8 bytes).
    Removing char.o(.ARM.exidx), (8 bytes).
    Removing char.o(i._ZNSt14collate_bynameIcED1Ev), (24 bytes).
    Removing char.o(.ARM.exidx), (8 bytes).
    Removing char.o(t._ZNSaIcEC1Ev), (2 bytes).
    Removing char.o(.ARM.exidx), (8 bytes).
    Removing char.o(.ARM.exidx), (8 bytes).
    Removing char.o(.ARM.exidx), (8 bytes).
    Removing char.o(.ARM.exidx), (8 bytes).
    Removing char.o(i._ZNKSt5ctypeIcE10do_toupperEPcPKc), (44 bytes).
    Removing char.o(.ARM.exidx), (8 bytes).
    Removing char.o(i._ZNKSt5ctypeIcE10do_tolowerEPcPKc), (44 bytes).
    Removing char.o(.ARM.exidx), (8 bytes).
    Removing char.o(i._ZNKSt5ctypeIcE10do_toupperEc), (30 bytes).
    Removing char.o(.ARM.exidx), (8 bytes).
    Removing char.o(i._ZNKSt5ctypeIcE10do_tolowerEc), (30 bytes).
    Removing char.o(.ARM.exidx), (8 bytes).
    Removing char.o(.ARM.exidx), (8 bytes).
    Removing char.o(i._ZNKSt5ctypeIcE8do_widenEPKcS2_Pc), (16 bytes).
    Removing char.o(.ARM.exidx), (8 bytes).
    Removing char.o(i._ZNKSt5ctypeIcE9do_narrowEcc), (4 bytes).
    Removing char.o(.ARM.exidx), (8 bytes).
    Removing char.o(i._ZNKSt5ctypeIcE9do_narrowEPKcS2_cPc), (16 bytes).
    Removing char.o(.ARM.exidx), (8 bytes).
    Removing char.o(.ARM.exidx), (8 bytes).
    Removing char.o(i._ZNSt7collateIcED0Ev), (14 bytes).
    Removing char.o(.ARM.exidx), (8 bytes).
    Removing char.o(i._ZNSt14collate_bynameIcED0Ev), (14 bytes).
    Removing char.o(.ARM.exidx), (8 bytes).
    Removing char.o(.constdata__ZTISt5ctypeIcE), (40 bytes).
    Removing char.o(.constdata__ZTISt7collateIcE), (32 bytes).
    Removing char.o(.constdata__ZTISt14collate_bynameIcE), (12 bytes).
    Removing char.o(.constdata__ZTISt12ctype_bynameIcE), (12 bytes).
    Removing char.o(.constdata__ZTIN4__rw17__rw_ctype_helperIcEE), (8 bytes).
    Removing char.o(.constdata__ZTSSt5ctypeIcE), (12 bytes).
    Removing char.o(.constdata__ZTIN4__rw17__rw_collate_implIcEE), (12 bytes).
    Removing char.o(.constdata__ZTSSt7collateIcE), (14 bytes).
    Removing char.o(.constdata__ZTSSt14collate_bynameIcE), (22 bytes).
    Removing char.o(.constdata__ZTSN4__rw17__rw_ctype_helperIcEE), (30 bytes).
    Removing char.o(.constdata__ZTSSt12ctype_bynameIcE), (20 bytes).
    Removing char.o(.constdata__ZTIN4__rw17__rw_collate_dataIcEE), (8 bytes).
    Removing char.o(.constdata__ZTSN4__rw17__rw_collate_implIcEE), (30 bytes).
    Removing char.o(.constdata__ZTSN4__rw17__rw_collate_dataIcEE), (30 bytes).
    Removing char.o(.ARM.exidx), (8 bytes).
    Removing char.o(.ARM.exidx), (8 bytes).
    Removing locale.o(.constdata__ZTVSt14codecvt_bynameIwcSt11__mbstate_tE), (48 bytes).
    Removing locale.o(.ARM.exidx), (8 bytes).
    Removing locale.o(.ARM.exidx), (8 bytes).
    Removing locale.o(.ARM.exidx), (8 bytes).
    Removing locale.o(.ARM.exidx), (8 bytes).
    Removing locale.o(i._ZN4__rw15__rw_locale_impC1EPKcjj.clean), (28 bytes).
    Removing locale.o(.ARM.extab), (32 bytes).
    Removing locale.o(.ARM.exidx), (8 bytes).
    Removing locale.o(.ARM.exidx), (8 bytes).
    Removing locale.o(i._ZNSt6locale16_C_remove_facetsEi), (78 bytes).
    Removing locale.o(.ARM.exidx), (8 bytes).
    Removing locale.o(i._ZN4__rw15__rw_locale_impC1ERKS0_PKcj), (216 bytes).
    Removing locale.o(i._ZN4__rw15__rw_locale_impC1ERKS0_PKcj.clean), (22 bytes).
    Removing locale.o(.ARM.extab), (24 bytes).
    Removing locale.o(.ARM.exidx), (8 bytes).
    Removing locale.o(.ARM.exidx), (8 bytes).
    Removing locale.o(.ARM.exidx), (8 bytes).
    Removing locale.o(i._ZNSt14codecvt_bynameIwcSt11__mbstate_tED1Ev), (8 bytes).
    Removing locale.o(.ARM.exidx), (8 bytes).
    Removing locale.o(.ARM.exidx), (8 bytes).
    Removing locale.o(.ARM.exidx), (8 bytes).
    Removing locale.o(.ARM.exidx), (8 bytes).
    Removing locale.o(i._ZNKSt14codecvt_bynameIwcSt11__mbstate_tE10do_unshiftERS0_PcS3_RS3_), (42 bytes).
    Removing locale.o(.ARM.exidx), (8 bytes).
    Removing locale.o(i._ZNKSt14codecvt_bynameIwcSt11__mbstate_tE11do_encodingEv), (26 bytes).
    Removing locale.o(.ARM.extab), (16 bytes).
    Removing locale.o(.ARM.exidx), (8 bytes).
    Removing locale.o(i._ZNKSt14codecvt_bynameIwcSt11__mbstate_tE16do_always_noconvEv), (4 bytes).
    Removing locale.o(.ARM.exidx), (8 bytes).
    Removing locale.o(i._ZNKSt14codecvt_bynameIwcSt11__mbstate_tE13do_max_lengthEv), (8 bytes).
    Removing locale.o(.ARM.exidx), (8 bytes).
    Removing locale.o(i._ZNSt14codecvt_bynameIwcSt11__mbstate_tED0Ev), (14 bytes).
    Removing locale.o(.ARM.exidx), (8 bytes).
    Removing locale.o(.constdata__ZTISt14codecvt_bynameIwcSt11__mbstate_tE), (12 bytes).
    Removing locale.o(.constdata__ZTSSt14codecvt_bynameIwcSt11__mbstate_tE), (38 bytes).
    Removing messages.o(i._ZSt13__rw_get_catsv.clean), (16 bytes).
    Removing messages.o(.ARM.extab), (16 bytes).
    Removing messages.o(.ARM.exidx), (8 bytes).
    Removing messages.o(.ARM.exidx), (8 bytes).
    Removing messages.o(t._ZN4__rw18__rw_locale_vectorISt18__rw_open_cat_dataE6resizeEj.clean), (10 bytes).
    Removing messages.o(.ARM.extab), (16 bytes).
    Removing messages.o(.ARM.exidx), (8 bytes).
    Removing messages.o(.ARM.exidx), (8 bytes).
    Removing messages.o(.ARM.extab), (20 bytes).
    Removing messages.o(.ARM.exidx), (8 bytes).
    Removing messages.o(.ARM.exidx), (8 bytes).
    Removing messages.o(.ARM.exidx), (8 bytes).
    Removing messages.o(.ARM.exidx), (8 bytes).
    Removing rwcats.o(.ARM.exidx), (8 bytes).

1043 unused section(s) (total 29823 bytes) removed from the image.

==============================================================================

Memory Map of the image

  Image Entry point : 0x00000000

  Load Region LR_IROM1 (Base: 0x08000000, Size: 0x00007ad0, Max: 0x00010000, ABSOLUTE)

    Execution Region ER_IROM1 (Base: 0x08000000, Size: 0x00007a5c, Max: 0x00010000, ABSOLUTE)

    Base Addr    Size         Type   Attr      Idx    E Section Name        Object

    0x08000000   0x000000ec   Data   RO         1564    RESET               startup_stm32f10x_md.o
    0x080000ec   0x00000008   Code   RO         1629  * !!!main             c_w.l(__main.o)
    0x080000f4   0x00000000   Code   RO         3587    .ARM.Collect$$_printf_percent$$00000000  c_w.l(_printf_percent.o)
    0x080000f4   0x00000006   Code   RO         3576    .ARM.Collect$$_printf_percent$$00000001  c_w.l(_printf_n.o)
    0x080000fa   0x00000006   Code   RO         3578    .ARM.Collect$$_printf_percent$$00000002  c_w.l(_printf_p.o)
    0x08000100   0x00000006   Code   RO         3583    .ARM.Collect$$_printf_percent$$00000003  c_w.l(_printf_f.o)
    0x08000106   0x00000006   Code   RO         3584    .ARM.Collect$$_printf_percent$$00000004  c_w.l(_printf_e.o)
    0x0800010c   0x00000006   Code   RO         3585    .ARM.Collect$$_printf_percent$$00000005  c_w.l(_printf_g.o)
    0x08000112   0x00000006   Code   RO         3586    .ARM.Collect$$_printf_percent$$00000006  c_w.l(_printf_a.o)
    0x08000118   0x0000000a   Code   RO         3591    .ARM.Collect$$_printf_percent$$00000007  c_w.l(_printf_ll.o)
    0x08000122   0x00000006   Code   RO         3580    .ARM.Collect$$_printf_percent$$00000008  c_w.l(_printf_i.o)
    0x08000128   0x00000006   Code   RO         3581    .ARM.Collect$$_printf_percent$$00000009  c_w.l(_printf_d.o)
    0x0800012e   0x00000006   Code   RO         3582    .ARM.Collect$$_printf_percent$$0000000A  c_w.l(_printf_u.o)
    0x08000134   0x00000006   Code   RO         3579    .ARM.Collect$$_printf_percent$$0000000B  c_w.l(_printf_o.o)
    0x0800013a   0x00000006   Code   RO         3577    .ARM.Collect$$_printf_percent$$0000000C  c_w.l(_printf_x.o)
    0x08000140   0x00000006   Code   RO         3588    .ARM.Collect$$_printf_percent$$0000000D  c_w.l(_printf_lli.o)
    0x08000146   0x00000006   Code   RO         3589    .ARM.Collect$$_printf_percent$$0000000E  c_w.l(_printf_lld.o)
    0x0800014c   0x00000006   Code   RO         3590    .ARM.Collect$$_printf_percent$$0000000F  c_w.l(_printf_llu.o)
    0x08000152   0x00000006   Code   RO         3595    .ARM.Collect$$_printf_percent$$00000010  c_w.l(_printf_llo.o)
    0x08000158   0x00000006   Code   RO         3596    .ARM.Collect$$_printf_percent$$00000011  c_w.l(_printf_llx.o)
    0x0800015e   0x0000000a   Code   RO         3592    .ARM.Collect$$_printf_percent$$00000012  c_w.l(_printf_l.o)
    0x08000168   0x00000006   Code   RO         3574    .ARM.Collect$$_printf_percent$$00000013  c_w.l(_printf_c.o)
    0x0800016e   0x00000006   Code   RO         3575    .ARM.Collect$$_printf_percent$$00000014  c_w.l(_printf_s.o)
    0x08000174   0x00000006   Code   RO         3593    .ARM.Collect$$_printf_percent$$00000015  c_w.l(_printf_lc.o)
    0x0800017a   0x00000006   Code   RO         3594    .ARM.Collect$$_printf_percent$$00000016  c_w.l(_printf_ls.o)
    0x08000180   0x00000004   Code   RO         3873    .ARM.Collect$$_printf_percent$$00000017  c_w.l(_printf_percent_end.o)
    0x08000184   0x00000002   Code   RO         3936    .ARM.Collect$$libinit$$00000000  c_w.l(libinit.o)
    0x08000186   0x00000000   Code   RO         2965    .ARM.Collect$$libinit$$00000002  c_w.l(libinit2.o)
    0x08000186   0x00000000   Code   RO         2967    .ARM.Collect$$libinit$$00000004  c_w.l(libinit2.o)
    0x08000186   0x00000008   Code   RO         2968    .ARM.Collect$$libinit$$00000005  c_w.l(libinit2.o)
    0x0800018e   0x00000000   Code   RO         2970    .ARM.Collect$$libinit$$0000000A  c_w.l(libinit2.o)
    0x0800018e   0x00000000   Code   RO         2972    .ARM.Collect$$libinit$$0000000C  c_w.l(libinit2.o)
    0x0800018e   0x00000000   Code   RO         2974    .ARM.Collect$$libinit$$0000000E  c_w.l(libinit2.o)
    0x0800018e   0x00000006   Code   RO         2975    .ARM.Collect$$libinit$$0000000F  c_w.l(libinit2.o)
    0x08000194   0x00000000   Code   RO         2977    .ARM.Collect$$libinit$$00000011  c_w.l(libinit2.o)
    0x08000194   0x0000000c   Code   RO         2978    .ARM.Collect$$libinit$$00000012  c_w.l(libinit2.o)
    0x080001a0   0x00000000   Code   RO         2979    .ARM.Collect$$libinit$$00000013  c_w.l(libinit2.o)
    0x080001a0   0x00000000   Code   RO         2981    .ARM.Collect$$libinit$$00000015  c_w.l(libinit2.o)
    0x080001a0   0x0000000a   Code   RO         2982    .ARM.Collect$$libinit$$00000016  c_w.l(libinit2.o)
    0x080001aa   0x00000000   Code   RO         2983    .ARM.Collect$$libinit$$00000017  c_w.l(libinit2.o)
    0x080001aa   0x00000000   Code   RO         2985    .ARM.Collect$$libinit$$00000019  c_w.l(libinit2.o)
    0x080001aa   0x00000000   Code   RO         2987    .ARM.Collect$$libinit$$0000001B  c_w.l(libinit2.o)
    0x080001aa   0x00000000   Code   RO         2989    .ARM.Collect$$libinit$$0000001D  c_w.l(libinit2.o)
    0x080001aa   0x00000000   Code   RO         2991    .ARM.Collect$$libinit$$0000001F  c_w.l(libinit2.o)
    0x080001aa   0x00000000   Code   RO         2993    .ARM.Collect$$libinit$$00000021  c_w.l(libinit2.o)
    0x080001aa   0x00000000   Code   RO         2995    .ARM.Collect$$libinit$$00000023  c_w.l(libinit2.o)
    0x080001aa   0x00000004   Code   RO         2996    .ARM.Collect$$libinit$$00000024  c_w.l(libinit2.o)
    0x080001ae   0x00000000   Code   RO         2997    .ARM.Collect$$libinit$$00000025  c_w.l(libinit2.o)
    0x080001ae   0x00000008   Code   RO         2998    .ARM.Collect$$libinit$$00000026  c_w.l(libinit2.o)
    0x080001b6   0x00000000   Code   RO         3003    .ARM.Collect$$libinit$$0000002E  c_w.l(libinit2.o)
    0x080001b6   0x00000000   Code   RO         3005    .ARM.Collect$$libinit$$00000030  c_w.l(libinit2.o)
    0x080001b6   0x00000004   Code   RO         3006    .ARM.Collect$$libinit$$00000031  c_w.l(libinit2.o)
    0x080001ba   0x00000000   Code   RO         3007    .ARM.Collect$$libinit$$00000032  c_w.l(libinit2.o)
    0x080001ba   0x00000002   Code   RO         3008    .ARM.Collect$$libinit$$00000033  c_w.l(libinit2.o)
    0x080001bc   0x00000002   Code   RO         4125    .ARM.Collect$$libshutdown$$00000000  c_w.l(libshutdown.o)
    0x080001be   0x00000006   Code   RO         3662    .ARM.Collect$$libshutdown$$00000001  c_w.l(libshutdown2.o)
    0x080001c4   0x00000000   Code   RO         3663    .ARM.Collect$$libshutdown$$00000002  c_w.l(libshutdown2.o)
    0x080001c4   0x00000004   Code   RO         3664    .ARM.Collect$$libshutdown$$00000003  c_w.l(libshutdown2.o)
    0x080001c8   0x00000000   Code   RO         3665    .ARM.Collect$$libshutdown$$00000004  c_w.l(libshutdown2.o)
    0x080001c8   0x00000000   Code   RO         3668    .ARM.Collect$$libshutdown$$00000007  c_w.l(libshutdown2.o)
    0x080001c8   0x00000000   Code   RO         3671    .ARM.Collect$$libshutdown$$0000000A  c_w.l(libshutdown2.o)
    0x080001c8   0x00000000   Code   RO         3673    .ARM.Collect$$libshutdown$$0000000C  c_w.l(libshutdown2.o)
    0x080001c8   0x00000000   Code   RO         3676    .ARM.Collect$$libshutdown$$0000000F  c_w.l(libshutdown2.o)
    0x080001c8   0x00000002   Code   RO         3677    .ARM.Collect$$libshutdown$$00000010  c_w.l(libshutdown2.o)
    0x080001ca   0x00000000   Code   RO         2837    .ARM.Collect$$rtentry$$00000000  c_w.l(__rtentry.o)
    0x080001ca   0x00000000   Code   RO         3451    .ARM.Collect$$rtentry$$00000002  c_w.l(__rtentry2.o)
    0x080001ca   0x00000006   Code   RO         3463    .ARM.Collect$$rtentry$$00000004  c_w.l(__rtentry4.o)
    0x080001d0   0x00000000   Code   RO         3453    .ARM.Collect$$rtentry$$00000009  c_w.l(__rtentry2.o)
    0x080001d0   0x00000004   Code   RO         3454    .ARM.Collect$$rtentry$$0000000A  c_w.l(__rtentry2.o)
    0x080001d4   0x00000000   Code   RO         3456    .ARM.Collect$$rtentry$$0000000C  c_w.l(__rtentry2.o)
    0x080001d4   0x00000008   Code   RO         3457    .ARM.Collect$$rtentry$$0000000D  c_w.l(__rtentry2.o)
    0x080001dc   0x00000002   Code   RO         3967    .ARM.Collect$$rtexit$$00000000  c_w.l(rtexit.o)
    0x080001de   0x00000000   Code   RO         4070    .ARM.Collect$$rtexit$$00000002  c_w.l(rtexit2.o)
    0x080001de   0x00000004   Code   RO         4071    .ARM.Collect$$rtexit$$00000003  c_w.l(rtexit2.o)
    0x080001e2   0x00000006   Code   RO         4072    .ARM.Collect$$rtexit$$00000004  c_w.l(rtexit2.o)
    0x080001e8   0x00000004   Code   RO         3660    .emb_text           c_w.l(argv_veneer.o)
    0x080001ec   0x00000000   Code   RO         3844    .emb_text           c_w.l(maybetermalloc1.o)
    0x080001ec   0x00000040   Code   RO         1565    .text               startup_stm32f10x_md.o
    0x0800022c   0x0000002e   Code   RO         1620    .text               c_w.l(aeabi_atexit.o)
    0x0800025a   0x0000008a   Code   RO         1623    .text               c_w.l(rt_memcpy_v6.o)
    0x080002e4   0x00000084   Code   RO         1625    .text               c_w.l(rt_memmove_v6.o)
    0x08000368   0x00000006   Code   RO         1627    .text               c_w.l(heapauxi.o)
    0x0800036e   0x00000002   PAD
    0x08000370   0x00000024   Code   RO         1634    .text               c_w.l(init_aeabi.o)
    0x08000394   0x00000008   Code   RO         2841    .text               c_w.l(rt_ddtor_pointer_addr_intlibspace.o)
    0x0800039c   0x0000005e   Code   RO         2847    .text               c_w.l(h1_alloc.o)
    0x080003fa   0x0000004e   Code   RO         2849    .text               c_w.l(h1_free.o)
    0x08000448   0x00000014   Code   RO         2905    .text               c_w.l(fprintf.o)
    0x0800045c   0x00000034   Code   RO         2907    .text               c_w.l(vsnprintf.o)
    0x08000490   0x0000003c   Code   RO         2909    .text               c_w.l(sscanf.o)
    0x080004cc   0x00000008   Code   RO         2913    .text               c_w.l(ferror.o)
    0x080004d4   0x000000f8   Code   RO         2915    .text               c_w.l(fseek.o)
    0x080005cc   0x00000042   Code   RO         2917    .text               c_w.l(ftell.o)
    0x0800060e   0x0000004c   Code   RO         2929    .text               c_w.l(fclose.o)
    0x0800065a   0x00000016   Code   RO         2943    .text               c_w.l(abort.o)
    0x08000670   0x00000042   Code   RO         2945    .text               c_w.l(cxa_finalize.o)
    0x080006b2   0x00000048   Code   RO         2948    .text               c_w.l(strcpy.o)
    0x080006fa   0x00000016   Code   RO         2950    .text               c_w.l(strrchr.o)
    0x08000710   0x0000003e   Code   RO         2952    .text               c_w.l(strlen.o)
    0x0800074e   0x00000006   Code   RO         2954    .text               c_w.l(wmemmove.o)
    0x08000754   0x00000018   Code   RO         2956    .text               c_w.l(strcat.o)
    0x0800076c   0x00000064   Code   RO         2958    .text               c_w.l(rt_memcpy_w.o)
    0x080007d0   0x0000007a   Code   RO         2960    .text               c_w.l(rt_memmove_w.o)
    0x0800084a   0x0000004e   Code   RO         2962    .text               c_w.l(rt_memclr_w.o)
    0x08000898   0x00000002   Code   RO         3385    .text               cpprt_w.l(arm_rethrow_noexceptions.o)
    0x0800089a   0x0000000e   Code   RO         3420    .text               cpprt_w.l(aeabi_vec_delete_noexceptions.o)
    0x080008a8   0x00000066   Code   RO         3438    .text               c_w.l(sys_io.o)
    0x0800090e   0x00000002   PAD
    0x08000910   0x0000000c   Code   RO         3443    .text               c_w.l(sys_exit.o)
    0x0800091c   0x00000008   Code   RO         3445    .text               c_w.l(libspace.o)
    0x08000924   0x00000010   Code   RO         3465    .text               c_w.l(rt_ctype_table.o)
    0x08000934   0x00000008   Code   RO         3470    .text               c_w.l(rt_heap_descriptor_intlibspace.o)
    0x0800093c   0x00000008   Code   RO         3475    .text               c_w.l(rt_new_handler_addr_intlibspace.o)
    0x08000944   0x00000008   Code   RO         3480    .text               c_w.l(rt_errno_addr_intlibspace.o)
    0x0800094c   0x00000004   Code   RO         3482    .text               c_w.l(hguard.o)
    0x08000950   0x0000008a   Code   RO         3484    .text               c_w.l(init_alloc.o)
    0x080009da   0x0000000e   Code   RO         3488    .text               c_w.l(h1_init.o)
    0x080009e8   0x0000004e   Code   RO         3504    .text               c_w.l(_printf_pad.o)
    0x08000a36   0x00000024   Code   RO         3506    .text               c_w.l(_printf_truncate.o)
    0x08000a5a   0x00000052   Code   RO         3508    .text               c_w.l(_printf_str.o)
    0x08000aac   0x00000078   Code   RO         3510    .text               c_w.l(_printf_dec.o)
    0x08000b24   0x00000028   Code   RO         3512    .text               c_w.l(_printf_charcount.o)
    0x08000b4c   0x00000030   Code   RO         3514    .text               c_w.l(_printf_char_common.o)
    0x08000b7c   0x0000000a   Code   RO         3516    .text               c_w.l(_sputc.o)
    0x08000b86   0x00000010   Code   RO         3518    .text               c_w.l(_snputc.o)
    0x08000b96   0x00000002   PAD
    0x08000b98   0x00000024   Code   RO         3520    .text               c_w.l(_printf_char_file.o)
    0x08000bbc   0x000000bc   Code   RO         3522    .text               c_w.l(_printf_wctomb.o)
    0x08000c78   0x0000007c   Code   RO         3525    .text               c_w.l(_printf_longlong_dec.o)
    0x08000cf4   0x00000070   Code   RO         3531    .text               c_w.l(_printf_oct_int_ll.o)
    0x08000d64   0x00000094   Code   RO         3551    .text               c_w.l(_printf_hex_int_ll_ptr.o)
    0x08000df8   0x00000188   Code   RO         3571    .text               c_w.l(__printf_flags_ss_wp.o)
    0x08000f80   0x00000156   Code   RO         3597    .text               c_w.l(_scanf_longlong.o)
    0x080010d6   0x0000014c   Code   RO         3599    .text               c_w.l(_scanf_int.o)
    0x08001222   0x000000e0   Code   RO         3601    .text               c_w.l(_scanf_str.o)
    0x08001302   0x00000002   PAD
    0x08001304   0x0000002c   Code   RO         3603    .text               c_w.l(scanf_char.o)
    0x08001330   0x00000040   Code   RO         3605    .text               c_w.l(_sgetc.o)
    0x08001370   0x00000114   Code   RO         3607    .text               c_w.l(_scanf_mbtowc.o)
    0x08001484   0x000000e8   Code   RO         3609    .text               c_w.l(_scanf_wctomb.o)
    0x0800156c   0x000000d0   Code   RO         3611    .text               c_w.l(_scanf_wstr.o)
    0x0800163c   0x000000f0   Code   RO         3621    .text               c_w.l(stdio.o)
    0x0800172c   0x00000138   Code   RO         3624    .text               c_w.l(initio.o)
    0x08001864   0x00000010   Code   RO         3632    .text               c_w.l(locale.o)
    0x08001874   0x0000000e   Code   RO         3644    .text               c_w.l(defsig_abrt_outer.o)
    0x08001882   0x00000008   Code   RO         3652    .text               c_w.l(memcpy.o)
    0x0800188a   0x00000008   Code   RO         3654    .text               c_w.l(memmove.o)
    0x08001892   0x00000002   PAD
    0x08001894   0x00000080   Code   RO         3656    .text               c_w.l(strcmpv7m.o)
    0x08001914   0x00000108   Code   RO         3658    .text               c_w.l(_get_argv.o)
    0x08001a1c   0x00000004   Code   RO         3767    .text               cpprt_w.l(arm_newhandler_noexceptions.o)
    0x08001a20   0x0000001a   Code   RO         3799    .text               cpprt_w.l(arm_exceptions_terminate.o)
    0x08001a3a   0x00000002   PAD
    0x08001a3c   0x00000050   Code   RO         3802    .text               cpprt_w.l(arm_exceptions_globs.o)
    0x08001a8c   0x00000018   Code   RO         3823    .text               c_w.l(sys_command.o)
    0x08001aa4   0x00000002   Code   RO         3825    .text               c_w.l(use_no_semi.o)
    0x08001aa6   0x00000000   Code   RO         3827    .text               c_w.l(indicate_semi.o)
    0x08001aa6   0x0000004a   Code   RO         3828    .text               c_w.l(sys_stackheap_outer.o)
    0x08001af0   0x00000008   Code   RO         3835    .text               c_w.l(rt_locale_intlibspace.o)
    0x08001af8   0x00000008   Code   RO         3840    .text               c_w.l(rt_eh_globals_addr_intlibspace.o)
    0x08001b00   0x00000004   Code   RO         3842    .text               c_w.l(hrguard.o)
    0x08001b04   0x00000034   Code   RO         3846    .text               c_w.l(h1_extend.o)
    0x08001b38   0x0000008a   Code   RO         3850    .text               c_w.l(lludiv10.o)
    0x08001bc2   0x00000012   Code   RO         3852    .text               c_w.l(isspace.o)
    0x08001bd4   0x000000b2   Code   RO         3860    .text               c_w.l(_printf_intcommon.o)
    0x08001c86   0x0000041a   Code   RO         3862    .text               c_w.l(_printf_fp_dec.o)
    0x080020a0   0x000002fc   Code   RO         3864    .text               c_w.l(_printf_fp_hex.o)
    0x0800239c   0x0000002c   Code   RO         3869    .text               c_w.l(_printf_char.o)
    0x080023c8   0x0000002c   Code   RO         3871    .text               c_w.l(_printf_wchar.o)
    0x080023f4   0x0000001c   Code   RO         3874    .text               c_w.l(_chval.o)
    0x08002410   0x00000374   Code   RO         3876    .text               c_w.l(_scanf.o)
    0x08002784   0x000004a4   Code   RO         3878    .text               c_w.l(scanf_fp.o)
    0x08002c28   0x0000001e   Code   RO         3882    .text               c_w.l(_scanf_wcharmap.o)
    0x08002c46   0x000001d6   Code   RO         3886    .text               c_w.l(flsbuf.o)
    0x08002e1c   0x00000046   Code   RO         3888    .text               c_w.l(setvbuf.o)
    0x08002e62   0x00000002   PAD
    0x08002e64   0x000000ec   Code   RO         3890    .text               c_w.l(fopen.o)
    0x08002f50   0x000001ac   Code   RO         3898    .text               c_w.l(locale_r.o)
    0x080030fc   0x0000003c   Code   RO         3900    .text               c_w.l(_mbrtowc.o)
    0x08003138   0x00000040   Code   RO         3902    .text               c_w.l(_wcrtomb.o)
    0x08003178   0x00000012   Code   RO         3910    .text               c_w.l(exit.o)
    0x0800318a   0x0000000a   Code   RO         3912    .text               c_w.l(defsig_exit.o)
    0x08003194   0x00000030   Code   RO         3914    .text               c_w.l(defsig_abrt_inner.o)
    0x080031c4   0x0000000e   Code   RO         3916    .text               c_w.l(defsig_rtred_outer.o)
    0x080031d2   0x0000000e   Code   RO         3920    .text               c_w.l(defsig_rtmem_outer.o)
    0x080031e0   0x00000022   Code   RO         3947    .text               cpprt_w.l(aeabi_vec_dtor_noexceptions.o)
    0x08003202   0x0000003c   Code   RO         3950    .text               cpprt_w.l(arm_exceptions_mem.o)
    0x0800323e   0x00000002   PAD
    0x08003240   0x00000080   Code   RO         3971    .text               c_w.l(_printf_fp_infnan.o)
    0x080032c0   0x000000dc   Code   RO         3977    .text               c_w.l(bigflt0.o)
    0x0800339c   0x000000bc   Code   RO         4006    .text               c_w.l(fwritefast.o)
    0x08003458   0x00000032   Code   RO         4029    .text               c_w.l(defsig_general.o)
    0x0800348a   0x00000002   PAD
    0x0800348c   0x00000034   Code   RO         4031    .text               c_w.l(defsig_rtred_inner.o)
    0x080034c0   0x00000050   Code   RO         4033    .text               c_w.l(defsig_rtmem_inner.o)
    0x08003510   0x0000000e   Code   RO         4067    .text               c_w.l(sys_wrch.o)
    0x0800351e   0x00000016   Code   RO         4080    .text               c_w.l(_rserrno.o)
    0x08003534   0x00000318   Code   RO         4082    .text               c_w.l(scanf_hexfp.o)
    0x0800384c   0x00000134   Code   RO         4084    .text               c_w.l(scanf_infnan.o)
    0x08003980   0x0000001c   Code   RO         4098    .text               cpprt_w.l(ARM_vec_cleanup_noexceptions.o)
    0x0800399c   0x00000026   Code   RO         4109    .text               c_w.l(llshl.o)
    0x080039c2   0x0000003e   Code   RO         3980    CL$$btod_d2e        c_w.l(btod.o)
    0x08003a00   0x00000046   Code   RO         3982    CL$$btod_d2e_denorm_low  c_w.l(btod.o)
    0x08003a46   0x00000060   Code   RO         3981    CL$$btod_d2e_norm_op1  c_w.l(btod.o)
    0x08003aa6   0x00000338   Code   RO         3990    CL$$btod_div_common  c_w.l(btod.o)
    0x08003dde   0x00000002   PAD
    0x08003de0   0x00000054   Code   RO         3988    CL$$btod_e2d        c_w.l(btod.o)
    0x08003e34   0x000000c6   Code   RO         3987    CL$$btod_e2e        c_w.l(btod.o)
    0x08003efa   0x00000028   Code   RO         3984    CL$$btod_ediv       c_w.l(btod.o)
    0x08003f22   0x00000028   Code   RO         3986    CL$$btod_edivd      c_w.l(btod.o)
    0x08003f4a   0x00000028   Code   RO         3983    CL$$btod_emul       c_w.l(btod.o)
    0x08003f72   0x00000028   Code   RO         3985    CL$$btod_emuld      c_w.l(btod.o)
    0x08003f9a   0x00000244   Code   RO         3989    CL$$btod_mult_common  c_w.l(btod.o)
    0x080041de   0x00000014   Code   RO         3161    i.<Func5>           cpp_ws.l(locale.o)
    0x080041f2   0x00000008   Code   RO         1572    i.SetSysClock       system_stm32f10x.o
    0x080041fa   0x00000002   PAD
    0x080041fc   0x000000e0   Code   RO         1573    i.SetSysClockTo72   system_stm32f10x.o
    0x080042dc   0x00000060   Code   RO         1575    i.SystemInit        system_stm32f10x.o
    0x0800433c   0x00000020   Code   RO         3678    i._Z7catgetsPN4__rw8__rw_catEiiPKc  cpp_ws.l(rwcats.o)
    0x0800435c   0x00000022   Code   RO         3679    i._Z7catopenPKci    cpp_ws.l(rwcats.o)
    0x0800437e   0x00000058   Code   RO         2638    i._ZN37_INTERNAL_15_rwstdexcept_cpp_8697b68a4__rw13__rw_vfmatstrEPcjPKcSt9__va_list  cpp_ws.l(rwstdexcept.o)
    0x080043d6   0x00000002   PAD
    0x080043d8   0x0000014c   Code   RO         2639    i._ZN37_INTERNAL_15_rwstdexcept_cpp_8697b68a4__rw13__rw_vfmatstrEPcjiSt9__va_list  cpp_ws.l(rwstdexcept.o)
    0x08004524   0x0000005c   Code   RO         2641    i._ZN4__rw10__rw_throwEiz  cpp_ws.l(rwstdexcept.o)
    0x08004580   0x0000002c   Code   RO         2030    i._ZN4__rw11__rw_file_t11_C_get_modeEPSt6__FILE  cpp_ws.l(ios.o)
    0x080045ac   0x0000001c   Code   RO         2255    i._ZN4__rw11__rw_file_t7_C_seekEli  cpp_ws.l(ios.o)
    0x080045c8   0x00000020   Code   RO         2161    i._ZN4__rw11__rw_file_t8_C_writeEPKvjj  cpp_ws.l(ios.o)
    0x080045e8   0x00000020   Code   RO         2586    i._ZN4__rw13__rw_allocateEji  cpp_ws.l(rwalloc.o)
    0x08004608   0x00000004   Code   RO         2587    i._ZN4__rw15__rw_deallocateEPvji  cpp_ws.l(rwalloc.o)
    0x0800460c   0x00000002   Code   RO         2559    i._ZN4__rw15__rw_facet_base12_C_initfacetERKSt6locale  cpp_ws.l(ios.o)
    0x0800460e   0x00000002   PAD
    0x08004610   0x000000ec   Code   RO         3264    i._ZN4__rw15__rw_locale_impC1EPKcjj  cpp_ws.l(locale.o)
    0x080046fc   0x0000001a   Code   RO         1980    i._ZN4__rw15__rw_locale_impD1Ev  cpp_ws.l(ios.o)
    0x08004716   0x0000003a   Code   RO         3162    i._ZN4__rw21__rw_use_c_lib_localeC1EPKci  cpp_ws.l(locale.o)
    0x08004750   0x00000018   Code   RO         3129    i._ZN4__rw21__rw_use_c_lib_localeD1Ev  cpp_ws.l(char.o)
    0x08004768   0x00000098   Code   RO         3702    i._ZN4__rw25__rw_throw_exception_noexEiPc  cpp_ws.l(rwthrowproc_impl_noex.o)
    0x08004800   0x00000030   Code   RO         3682    i._ZN4__rw9__catfindEPNS_8__rw_catE  cpp_ws.l(rwcats.o)
    0x08004830   0x0000000a   Code   RO         2243    i._ZNK4__rw11__rw_file_t10_C_is_openEv  cpp_ws.l(ios.o)
    0x0800483a   0x00000004   Code   RO         2726    i._ZNKSt14__rw_exception4whatEv  cpp_ws.l(rwstdexcept.o)
    0x0800483e   0x00000072   Code   RO         3316    i._ZNKSt18__rw_messages_base11_C_cat_openERKSsRKSt6locale  cpp_ws.l(messages.o)
    0x080048b0   0x00000020   Code   RO         3319    i._ZNKSt18__rw_messages_base13_C_get_localeEi  cpp_ws.l(messages.o)
    0x080048d0   0x00000034   Code   RO         3320    i._ZNKSt18__rw_messages_base14_C_get_messageEiii  cpp_ws.l(messages.o)
    0x08004904   0x0000000e   Code   RO         3099    i._ZNKSt5ctypeIcE2isENSt10ctype_base4maskEc  cpp_ws.l(char.o)
    0x08004912   0x00000004   Code   RO         3117    i._ZNKSt5ctypeIcE8do_widenEc  cpp_ws.l(char.o)
    0x08004916   0x00000004   Code   RO         2368    i._ZNKSt5ctypeIwE8do_widenEc  cpp_ws.l(ios.o)
    0x0800491a   0x00000028   Code   RO         1747    i._ZNKSt6locale12_C_use_facetERKNS_2idEbiPFPN4__rw15__rw_facet_baseEiPKcjE  cpp_ws.l(ios.o)
    0x08004942   0x00000002   PAD
    0x08004944   0x00000108   Code   RO         3167    i._ZNKSt6locale13_C_make_facetERKNS_2idEbiPFPN4__rw15__rw_facet_baseEiPKcjE  cpp_ws.l(locale.o)
    0x08004a4c   0x00000074   Code   RO         3169    i._ZNKSt6locale16_C_install_facetEPN4__rw15__rw_facet_baseERKNS_2idE  cpp_ws.l(locale.o)
    0x08004ac0   0x00000030   Code   RO         3170    i._ZNKSt6locale4nameEv  cpp_ws.l(locale.o)
    0x08004af0   0x00000004   Code   RO         2422    i._ZNKSt7codecvtIccSt11__mbstate_tE11do_encodingEv  cpp_ws.l(ios.o)
    0x08004af4   0x0000000a   Code   RO         2095    i._ZNKSt7codecvtIccSt11__mbstate_tE13always_noconvEv  cpp_ws.l(ios.o)
    0x08004afe   0x00000004   Code   RO         2425    i._ZNKSt7codecvtIccSt11__mbstate_tE16do_always_noconvEv  cpp_ws.l(ios.o)
    0x08004b02   0x0000001c   Code   RO         2086    i._ZNKSt7codecvtIccSt11__mbstate_tE3outERS0_PKcS4_RS4_PcS6_RS6_  cpp_ws.l(ios.o)
    0x08004b1e   0x0000000e   Code   RO         2413    i._ZNKSt7codecvtIccSt11__mbstate_tE6do_outERS0_PKcS4_RS4_PcS6_RS6_  cpp_ws.l(ios.o)
    0x08004b2c   0x0000000a   Code   RO         2090    i._ZNKSt7codecvtIccSt11__mbstate_tE8encodingEv  cpp_ws.l(ios.o)
    0x08004b36   0x00000004   Code   RO         2452    i._ZNKSt7codecvtIwcSt11__mbstate_tE11do_encodingEv  cpp_ws.l(ios.o)
    0x08004b3a   0x0000000a   Code   RO         2117    i._ZNKSt7codecvtIwcSt11__mbstate_tE13always_noconvEv  cpp_ws.l(ios.o)
    0x08004b44   0x00000004   Code   RO         2449    i._ZNKSt7codecvtIwcSt11__mbstate_tE16do_always_noconvEv  cpp_ws.l(ios.o)
    0x08004b48   0x0000001c   Code   RO         2108    i._ZNKSt7codecvtIwcSt11__mbstate_tE3outERS0_PKwS4_RS4_PcS6_RS6_  cpp_ws.l(ios.o)
    0x08004b64   0x00000030   Code   RO         2440    i._ZNKSt7codecvtIwcSt11__mbstate_tE6do_outERS0_PKwS4_RS4_PcS6_RS6_  cpp_ws.l(ios.o)
    0x08004b94   0x0000000a   Code   RO         2112    i._ZNKSt7codecvtIwcSt11__mbstate_tE8encodingEv  cpp_ws.l(ios.o)
    0x08004b9e   0x00000010   Code   RO         2221    i._ZNSt11char_traitsIcE11eq_int_typeERKiS2_  cpp_ws.l(ios.o)
    0x08004bae   0x0000000c   Code   RO         1948    i._ZNSt11char_traitsIcE4copyEPcPKcj  cpp_ws.l(ios.o)
    0x08004bba   0x0000000c   Code   RO         1945    i._ZNSt11char_traitsIcE4moveEPcPKcj  cpp_ws.l(ios.o)
    0x08004bc6   0x0000001c   Code   RO         1951    i._ZNSt11char_traitsIcE7not_eofERKi  cpp_ws.l(ios.o)
    0x08004be2   0x00000010   Code   RO         2224    i._ZNSt11char_traitsIwE11eq_int_typeERKiS2_  cpp_ws.l(ios.o)
    0x08004bf2   0x0000000c   Code   RO         1957    i._ZNSt11char_traitsIwE4moveEPwPKwj  cpp_ws.l(ios.o)
    0x08004bfe   0x0000001c   Code   RO         1960    i._ZNSt11char_traitsIwE7not_eofERKi  cpp_ws.l(ios.o)
    0x08004c1a   0x00000002   PAD
    0x08004c1c   0x000000cc   Code   RO         3013    i._ZNSt12ctype_bynameIcE17_C_get_mask_tableEPKc  cpp_ws.l(char.o)
    0x08004ce8   0x00000120   Code   RO         3015    i._ZNSt12ctype_bynameIcEC1EPKcj  cpp_ws.l(char.o)
    0x08004e08   0x0000000e   Code   RO         3158    i._ZNSt12ctype_bynameIcED0Ev  cpp_ws.l(char.o)
    0x08004e16   0x00000008   Code   RO         3155    i._ZNSt12ctype_bynameIcED1Ev  cpp_ws.l(char.o)
    0x08004e1e   0x00000002   PAD
    0x08004e20   0x00000084   Code   RO         2644    i._ZNSt14__rw_exception10_C_vformatEiSt9__va_list  cpp_ws.l(rwstdexcept.o)
    0x08004ea4   0x00000014   Code   RO         2697    i._ZNSt14__rw_exceptionC1Ev  cpp_ws.l(rwstdexcept.o)
    0x08004eb8   0x0000001c   Code   RO         2720    i._ZNSt14__rw_exceptionD1Ev  cpp_ws.l(rwstdexcept.o)
    0x08004ed4   0x00000008   Code   RO         2694    i._ZNSt18__rw_messages_baseD1Ev  cpp_ws.l(rwstdexcept.o)
    0x08004edc   0x0000001a   Code   RO         3356    i._ZNSt18__rw_open_cat_dataC1Ev  cpp_ws.l(messages.o)
    0x08004ef6   0x0000000c   Code   RO         3353    i._ZNSt18__rw_open_cat_dataD1Ev  cpp_ws.l(messages.o)
    0x08004f02   0x00000012   Code   RO         3359    i._ZNSt18__rw_open_cat_dataaSERKS_  cpp_ws.l(messages.o)
    0x08004f14   0x000000fa   Code   RO         3017    i._ZNSt5ctypeIcE12_C_initfacetERKSt6locale  cpp_ws.l(char.o)
    0x0800500e   0x00000002   PAD
    0x08005010   0x00000118   Code   RO         3019    i._ZNSt5ctypeIcEC1EPKNSt10ctype_base4maskEbj  cpp_ws.l(char.o)
    0x08005128   0x0000000e   Code   RO         3102    i._ZNSt5ctypeIcED0Ev  cpp_ws.l(char.o)
    0x08005136   0x00000002   PAD
    0x08005138   0x0000002c   Code   RO         3064    i._ZNSt5ctypeIcED1Ev  cpp_ws.l(char.o)
    0x08005164   0x00000018   Code   RO         2004    i._ZNSt5ctypeIwEC1Ej  cpp_ws.l(ios.o)
    0x0800517c   0x0000000e   Code   RO         2380    i._ZNSt5ctypeIwED0Ev  cpp_ws.l(ios.o)
    0x0800518a   0x00000008   Code   RO         2377    i._ZNSt5ctypeIwED1Ev  cpp_ws.l(ios.o)
    0x08005192   0x00000002   PAD
    0x08005194   0x00000014   Code   RO         2234    i._ZNSt6locale5facetC1Eji  cpp_ws.l(ios.o)
    0x080051a8   0x0000000e   Code   RO         2335    i._ZNSt6locale5facetD0Ev  cpp_ws.l(ios.o)
    0x080051b6   0x00000002   PAD
    0x080051b8   0x00000084   Code   RO         3173    i._ZNSt6locale7_C_initEv  cpp_ws.l(locale.o)
    0x0800523c   0x00000044   Code   RO         3175    i._ZNSt6locale7classicEv  cpp_ws.l(locale.o)
    0x08005280   0x00000020   Code   RO         3292    i._ZNSt6localeC1EPN4__rw15__rw_locale_impE  cpp_ws.l(locale.o)
    0x080052a0   0x0000000c   Code   RO         1977    i._ZNSt6localeC1ERKS_  cpp_ws.l(ios.o)
    0x080052ac   0x00000020   Code   RO         1973    i._ZNSt6localeC1Ev  cpp_ws.l(ios.o)
    0x080052cc   0x00000020   Code   RO         1744    i._ZNSt6localeD1Ev  cpp_ws.l(ios.o)
    0x080052ec   0x00000032   Code   RO         3183    i._ZNSt6localeaSERKS_  cpp_ws.l(locale.o)
    0x0800531e   0x00000002   PAD
    0x08005320   0x00000014   Code   RO         2083    i._ZNSt7codecvtIccSt11__mbstate_tEC1Ej  cpp_ws.l(ios.o)
    0x08005334   0x0000000e   Code   RO         2437    i._ZNSt7codecvtIccSt11__mbstate_tED0Ev  cpp_ws.l(ios.o)
    0x08005342   0x00000008   Code   RO         2434    i._ZNSt7codecvtIccSt11__mbstate_tED1Ev  cpp_ws.l(ios.o)
    0x0800534a   0x00000002   PAD
    0x0800534c   0x00000014   Code   RO         2105    i._ZNSt7codecvtIwcSt11__mbstate_tEC1Ej  cpp_ws.l(ios.o)
    0x08005360   0x0000000e   Code   RO         2464    i._ZNSt7codecvtIwcSt11__mbstate_tED0Ev  cpp_ws.l(ios.o)
    0x0800536e   0x00000008   Code   RO         2461    i._ZNSt7codecvtIwcSt11__mbstate_tED1Ev  cpp_ws.l(ios.o)
    0x08005376   0x00000002   PAD
    0x08005378   0x00000318   Code   RO         1643    i._ZNSt8ios_base4InitC1Ev  cpp_ws.l(ios.o)
    0x08005690   0x000000a8   Code   RO         1645    i._ZNSt8ios_base4InitD1Ev  cpp_ws.l(ios.o)
    0x08005738   0x00000024   Code   RO         1762    i._ZNSt8ios_baseC1Ev  cpp_ws.l(ios.o)
    0x0800575c   0x0000000e   Code   RO         2706    i._ZNSt8messagesIcED0Ev  cpp_ws.l(rwstdexcept.o)
    0x0800576a   0x00000010   Code   RO         2691    i._ZNSt8messagesIcED1Ev  cpp_ws.l(rwstdexcept.o)
    0x0800577a   0x00000002   PAD
    0x0800577c   0x0000000c   Code   RO         3397    i._ZNSt9exceptionC1Ev  cpprt_w.l(exception_ctor.o)
    0x08005788   0x0000003c   Code   RO         3337    i._ZSt13__rw_get_catsv  cpp_ws.l(messages.o)
    0x080057c4   0x00000008   Code   RO         3365    i._ZdaPv            cpprt_w.l(array_del.o)
    0x080057cc   0x00000008   Code   RO         2729    i._ZdlPv            cpprt_w.l(delete.o)
    0x080057d4   0x00000008   Code   RO         3368    i._Znaj             cpprt_w.l(array_new.o)
    0x080057dc   0x00000028   Code   RO         3372    i._Znwj             cpprt_w.l(new.o)
    0x08005804   0x00000092   Code   RO         4037    i.__ARM_array_new_general  cpprt_w.l(array_new_general.o)
    0x08005896   0x00000028   Code   RO         4059    i.__ARM_fpclassify  m_ws.l(fpclassify.o)
    0x080058be   0x00000010   Code   RO         3789    i.__aeabi_vec_dtor_cookie  cpprt_w.l(aeabi_vec_dtor_cookie.o)
    0x080058ce   0x00000014   Code   RO         3786    i.__aeabi_vec_new_cookie  cpprt_w.l(aeabi_vec_new_cookie.o)
    0x080058e2   0x00000010   Code   RO         3388    i.__cxa_guard_acquire  cpprt_w.l(cxa_guard_acquire.o)
    0x080058f2   0x00000002   PAD
    0x080058f4   0x00000018   Code   RO         3944    i.__cxa_vec_new     cpprt_w.l(cxa_vec_new.o)
    0x0800590c   0x0000000e   Code   RO         4148    i.__mathlib_dbl_overflow  m_ws.l(dunder.o)
    0x0800591a   0x00000002   PAD
    0x0800591c   0x00000010   Code   RO         4150    i.__mathlib_dbl_underflow  m_ws.l(dunder.o)
    0x0800592c   0x00000010   Code   RO         4061    i.__mathlib_narrow  m_ws.l(narrow.o)
    0x0800593c   0x00000088   Code   RO         4062    i.__mathlib_tofloat  m_ws.l(narrow.o)
    0x080059c4   0x00000010   Code   RO         3184    i.__sti___10_locale_cpp_ff99fc7b  cpp_ws.l(locale.o)
    0x080059d4   0x00000038   Code   RO         3683    i.__sti___10_rwcats_cpp_64e8068e  cpp_ws.l(rwcats.o)
    0x08005a0c   0x00000010   Code   RO         3021    i.__sti___8_char_cpp_a3dc957a  cpp_ws.l(char.o)
    0x08005a1c   0x00000020   Code   RO            1    i.__sti___8_main_cpp  main.o
    0x08005a3c   0x00000016   Code   RO         4131    i.__support_ldexp   m_ws.l(ldexp.o)
    0x08005a52   0x0000000e   Code   RO         3564    i._is_digit         c_w.l(__printf_wp.o)
    0x08005a60   0x0000001a   Code   RO         3618    i.fputc             c_w.l(fputc.o)
    0x08005a7a   0x00000002   PAD
    0x08005a7c   0x00000058   Code   RO         4106    i.frexp             m_ws.l(frexp.o)
    0x08005ad4   0x00000074   Code   RO         4132    i.ldexp             m_ws.l(ldexp.o)
    0x08005b48   0x0000002c   Code   RO         3905    locale$$code        c_w.l(lc_ctype_c.o)
    0x08005b74   0x0000002c   Code   RO         4023    locale$$code        c_w.l(lc_numeric_c.o)
    0x08005ba0   0x00000014   Code   RO           91    t._ZN4__rw12__string_refIcSt11char_traitsIcESaIcEE10_C_inc_refEv  main.o
    0x08005bb4   0x00000046   Code   RO         2036    t._ZN4__rw16__rw_facet_makerISt5ctypeIcEE13_C_maker_funcEiPKcj  cpp_ws.l(ios.o)
    0x08005bfa   0x00000002   PAD
    0x08005bfc   0x00000034   Code   RO         2009    t._ZN4__rw16__rw_facet_makerISt5ctypeIwEE13_C_maker_funcEiPKcj  cpp_ws.l(ios.o)
    0x08005c30   0x00000034   Code   RO         2249    t._ZN4__rw16__rw_facet_makerISt7codecvtIccSt11__mbstate_tEE13_C_maker_funcEiPKcj  cpp_ws.l(ios.o)
    0x08005c64   0x00000034   Code   RO         2258    t._ZN4__rw16__rw_facet_makerISt7codecvtIwcSt11__mbstate_tEE13_C_maker_funcEiPKcj  cpp_ws.l(ios.o)
    0x08005c98   0x00000056   Code   RO         3280    t._ZN4__rw18__rw_locale_vectorIPNS_15__rw_facet_baseEE6resizeEjRKS2_  cpp_ws.l(locale.o)
    0x08005cee   0x0000000e   Code   RO         2227    t._ZN4__rw18__rw_locale_vectorIPNS_15__rw_facet_baseEED1Ev  cpp_ws.l(ios.o)
    0x08005cfc   0x0000000e   Code   RO         3699    t._ZN4__rw18__rw_locale_vectorIPNS_8__rw_catEED1Ev  cpp_ws.l(rwcats.o)
    0x08005d0a   0x00000002   PAD
    0x08005d0c   0x00000014   Code   RO         2230    t._ZN4__rw18__rw_locale_vectorISsED1Ev  cpp_ws.l(ios.o)
    0x08005d20   0x00000088   Code   RO         3343    t._ZN4__rw18__rw_locale_vectorISt18__rw_open_cat_dataE6resizeEj  cpp_ws.l(messages.o)
    0x08005da8   0x00000014   Code   RO         3349    t._ZN4__rw18__rw_locale_vectorISt18__rw_open_cat_dataED1Ev  cpp_ws.l(messages.o)
    0x08005dbc   0x00000016   Code   RO         1765    t._ZN4__rw23__rw_create_named_facetISt5ctypeIwEEEPT_S4_PKcj  cpp_ws.l(ios.o)
    0x08005dd2   0x00000016   Code   RO         1837    t._ZN4__rw23__rw_create_named_facetISt7codecvtIccSt11__mbstate_tEEEPT_S5_PKcj  cpp_ws.l(ios.o)
    0x08005de8   0x00000016   Code   RO         1890    t._ZN4__rw23__rw_create_named_facetISt7codecvtIwcSt11__mbstate_tEEEPT_S5_PKcj  cpp_ws.l(ios.o)
    0x08005dfe   0x00000006   Code   RO         2167    t._ZNKSt13basic_filebufIcSt11char_traitsIcEE7is_openEv  cpp_ws.l(ios.o)
    0x08005e04   0x00000006   Code   RO         2208    t._ZNKSt13basic_filebufIwSt11char_traitsIwEE7is_openEv  cpp_ws.l(ios.o)
    0x08005e0a   0x00000014   Code   RO         2134    t._ZNKSt15basic_streambufIcSt11char_traitsIcEE9_C_is_eofEi  cpp_ws.l(ios.o)
    0x08005e1e   0x00000014   Code   RO         2196    t._ZNKSt15basic_streambufIwSt11char_traitsIwEE9_C_is_eofEi  cpp_ws.l(ios.o)
    0x08005e32   0x00000010   Code   RO         2155    t._ZNKSt4fposISt11__mbstate_tEeqERKS1_  cpp_ws.l(ios.o)
    0x08005e42   0x0000001c   Code   RO         2152    t._ZNKSt4fposISt11__mbstate_tEplEl  cpp_ws.l(ios.o)
    0x08005e5e   0x00000002   PAD
    0x08005e60   0x00000090   Code   RO         2685    t._ZNKSt8messagesIcE6do_getEiiiRKSs  cpp_ws.l(rwstdexcept.o)
    0x08005ef0   0x00000006   Code   RO         2700    t._ZNKSt8messagesIcE7do_openERKSsRKSt6locale  cpp_ws.l(rwstdexcept.o)
    0x08005ef6   0x00000002   PAD
    0x08005ef8   0x00000034   Code   RO         1803    t._ZNSoC1EPSt15basic_streambufIcSt11char_traitsIcEE  cpp_ws.l(ios.o)
    0x08005f2c   0x00000032   Code   RO         3252    t._ZNSs11_C_allocateEjjj  cpp_ws.l(locale.o)
    0x08005f5e   0x00000018   Code   RO         3289    t._ZNSs7replaceEjjPKcj  cpp_ws.l(locale.o)
    0x08005f76   0x00000002   PAD
    0x08005f78   0x00000168   Code   RO         1737    t._ZNSs7replaceEjjPKcjjj  cpp_ws.l(ios.o)
    0x080060e0   0x00000074   Code   RO         1728    t._ZNSs9_C_getRepEjj  cpp_ws.l(ios.o)
    0x08006154   0x00000048   Code   RO         1734    t._ZNSs9_C_unlinkEv  cpp_ws.l(ios.o)
    0x0800619c   0x00000038   Code   RO         3255    t._ZNSsC1EPKcRKSaIcE  cpp_ws.l(locale.o)
    0x080061d4   0x00000010   Code   RO         3286    t._ZNSsC1ERKSaIcE   cpp_ws.l(locale.o)
    0x080061e4   0x0000003e   Code   RO         1731    t._ZNSsC1ERKSs      cpp_ws.l(ios.o)
    0x08006222   0x0000000c   Code   RO         1969    t._ZNSsD1Ev         cpp_ws.l(ios.o)
    0x0800622e   0x00000002   PAD
    0x08006230   0x0000004c   Code   RO         3261    t._ZNSsaSEPKc       cpp_ws.l(locale.o)
    0x0800627c   0x0000003e   Code   RO         3258    t._ZNSsaSERKSs      cpp_ws.l(locale.o)
    0x080062ba   0x00000020   Code   RO         2177    t._ZNSt13basic_filebufIcSt11char_traitsIcEE12_C_file_seekEli  cpp_ws.l(ios.o)
    0x080062da   0x00000122   Code   RO         1879    t._ZNSt13basic_filebufIcSt11char_traitsIcEE4syncEv  cpp_ws.l(ios.o)
    0x080063fc   0x00000072   Code   RO         1809    t._ZNSt13basic_filebufIcSt11char_traitsIcEE6setbufEPcl  cpp_ws.l(ios.o)
    0x0800646e   0x0000016e   Code   RO         1864    t._ZNSt13basic_filebufIcSt11char_traitsIcEE8overflowEi  cpp_ws.l(ios.o)
    0x080065dc   0x00000074   Code   RO         1813    t._ZNSt13basic_filebufIcSt11char_traitsIcEEC1EPSt6__FILEPcl  cpp_ws.l(ios.o)
    0x08006650   0x00000020   Code   RO         2218    t._ZNSt13basic_filebufIwSt11char_traitsIwEE12_C_file_seekEli  cpp_ws.l(ios.o)
    0x08006670   0x0000012a   Code   RO         1932    t._ZNSt13basic_filebufIwSt11char_traitsIwEE4syncEv  cpp_ws.l(ios.o)
    0x0800679a   0x0000006e   Code   RO         1785    t._ZNSt13basic_filebufIwSt11char_traitsIwEE6setbufEPwl  cpp_ws.l(ios.o)
    0x08006808   0x00000172   Code   RO         1917    t._ZNSt13basic_filebufIwSt11char_traitsIwEE8overflowEi  cpp_ws.l(ios.o)
    0x0800697a   0x00000002   PAD
    0x0800697c   0x00000074   Code   RO         1789    t._ZNSt13basic_filebufIwSt11char_traitsIwEEC1EPSt6__FILEPwl  cpp_ws.l(ios.o)
    0x080069f0   0x00000034   Code   RO         1779    t._ZNSt13basic_ostreamIwSt11char_traitsIwEEC1EPSt15basic_streambufIwS1_E  cpp_ws.l(ios.o)
    0x08006a24   0x00000012   Code   RO         2051    t._ZNSt15basic_streambufIcSt11char_traitsIcEE10_C_own_bufEb  cpp_ws.l(ios.o)
    0x08006a36   0x00000012   Code   RO         2140    t._ZNSt15basic_streambufIcSt11char_traitsIcEE11_C_out_lastEb  cpp_ws.l(ios.o)
    0x08006a48   0x00000012   Code   RO         2048    t._ZNSt15basic_streambufIcSt11char_traitsIcEE17_C_set_unbufferedEb  cpp_ws.l(ios.o)
    0x08006a5a   0x00000020   Code   RO         1830    t._ZNSt15basic_streambufIcSt11char_traitsIcEE5sputcEc  cpp_ws.l(ios.o)
    0x08006a7a   0x00000002   Code   RO         2482    t._ZNSt15basic_streambufIcSt11char_traitsIcEE6setbufEPcl  cpp_ws.l(ios.o)
    0x08006a7c   0x00000006   Code   RO         2501    t._ZNSt15basic_streambufIcSt11char_traitsIcEE8overflowEi  cpp_ws.l(ios.o)
    0x08006a82   0x00000006   Code   RO         2058    t._ZNSt15basic_streambufIcSt11char_traitsIcEE9pubsetbufEPcl  cpp_ws.l(ios.o)
    0x08006a88   0x00000012   Code   RO         2024    t._ZNSt15basic_streambufIwSt11char_traitsIwEE10_C_own_bufEb  cpp_ws.l(ios.o)
    0x08006a9a   0x00000012   Code   RO         2202    t._ZNSt15basic_streambufIwSt11char_traitsIwEE11_C_out_lastEb  cpp_ws.l(ios.o)
    0x08006aac   0x00000012   Code   RO         2021    t._ZNSt15basic_streambufIwSt11char_traitsIwEE17_C_set_unbufferedEb  cpp_ws.l(ios.o)
    0x08006abe   0x00000022   Code   RO         1886    t._ZNSt15basic_streambufIwSt11char_traitsIwEE5sputcEw  cpp_ws.l(ios.o)
    0x08006ae0   0x00000002   Code   RO         2528    t._ZNSt15basic_streambufIwSt11char_traitsIwEE6setbufEPwl  cpp_ws.l(ios.o)
    0x08006ae2   0x00000006   Code   RO         2547    t._ZNSt15basic_streambufIwSt11char_traitsIwEE8overflowEi  cpp_ws.l(ios.o)
    0x08006ae8   0x00000006   Code   RO         2054    t._ZNSt15basic_streambufIwSt11char_traitsIwEE9pubsetbufEPwl  cpp_ws.l(ios.o)
    0x08006aee   0x0000000e   Code   RO         2143    t._ZNSt4fposISt11__mbstate_tEC1ERKS1_  cpp_ws.l(ios.o)
    0x08006afc   0x0000000a   Code   RO         2027    t._ZNSt4fposISt11__mbstate_tEC1El  cpp_ws.l(ios.o)
    0x08006b06   0x00000012   Code   RO         2146    t._ZNSt4fposISt11__mbstate_tEaSERKS1_  cpp_ws.l(ios.o)
    0x08006b18   0x00000008   Code   RO         2240    t._ZNSt4fposISt11__mbstate_tEpLEl  cpp_ws.l(ios.o)
    0x08006b20   0x0000005c   Code   RO         1795    t._ZNSt9basic_iosIcSt11char_traitsIcEE4initEPSt15basic_streambufIcS1_E  cpp_ws.l(ios.o)
    0x08006b7c   0x00000010   Code   RO         2042    t._ZNSt9basic_iosIcSt11char_traitsIcEEC1Ev  cpp_ws.l(ios.o)
    0x08006b8c   0x0000005c   Code   RO         1771    t._ZNSt9basic_iosIwSt11char_traitsIwEE4initEPSt15basic_streambufIwS1_E  cpp_ws.l(ios.o)
    0x08006be8   0x00000010   Code   RO         2015    t._ZNSt9basic_iosIwSt11char_traitsIwEEC1Ev  cpp_ws.l(ios.o)
    0x08006bf8   0x0000000c   Code   RO         3096    t._ZSt3maxIjERKT_S2_S2_  cpp_ws.l(char.o)
    0x08006c04   0x0000001c   Code   RO         2164    t._ZSt9use_facetISt7codecvtIccSt11__mbstate_tEERKT_RKSt6locale  cpp_ws.l(ios.o)
    0x08006c20   0x0000001c   Code   RO         2205    t._ZSt9use_facetISt7codecvtIwcSt11__mbstate_tEERKT_RKSt6locale  cpp_ws.l(ios.o)
    0x08006c3c   0x00000062   Code   RO         4101    x$fpl$d2f           fz_ws.l(d2f.o)
    0x08006c9e   0x00000002   PAD
    0x08006ca0   0x00000010   Code   RO         4142    x$fpl$dcheck1       fz_ws.l(dcheck1.o)
    0x08006cb0   0x00000018   Code   RO         4043    x$fpl$dcmpinf       fz_ws.l(dcmpi.o)
    0x08006cc8   0x00000078   Code   RO         3963    x$fpl$deqf          fz_ws.l(deqf.o)
    0x08006d40   0x00000078   Code   RO         3965    x$fpl$dleqf         fz_ws.l(dleqf.o)
    0x08006db8   0x0000009c   Code   RO         4045    x$fpl$dnaninf       fz_ws.l(dnaninf.o)
    0x08006e54   0x0000006c   Code   RO         4103    x$fpl$drleqf        fz_ws.l(drleqf.o)
    0x08006ec0   0x0000000a   Code   RO         4126    x$fpl$fretinf       fz_ws.l(fretinf.o)
    0x08006eca   0x00000004   Code   RO         3813    x$fpl$printf1       fz_ws.l(printf1.o)
    0x08006ece   0x00000004   Code   RO         3815    x$fpl$printf2       fz_ws.l(printf2.o)
    0x08006ed2   0x00000064   Code   RO         4171    x$fpl$retnan        fz_ws.l(retnan.o)
    0x08006f36   0x0000005c   Code   RO         4128    x$fpl$scalbn        fz_ws.l(scalbn.o)
    0x08006f92   0x00000004   Code   RO         3821    x$fpl$scanf1        fz_ws.l(scanf1.o)
    0x08006f96   0x00000008   Code   RO         4052    x$fpl$scanf2        fz_ws.l(scanf2.o)
    0x08006f9e   0x00000030   Code   RO         4175    x$fpl$trapveneer    fz_ws.l(trapv.o)
    0x08006fce   0x00000000   Code   RO         4058    x$fpl$usenofp       fz_ws.l(usenofp.o)
    0x08006fce   0x00000002   PAD
    0x08006fd0   0x0000005c   Data   RO         2664    .constdata          cpp_ws.l(rwstdexcept.o)
    0x0800702c   0x00000200   Data   RO         3041    .constdata          cpp_ws.l(char.o)
    0x0800722c   0x00000004   Data   RO         3439    .constdata          c_w.l(sys_io.o)
    0x08007230   0x00000004   Data   RO         3440    .constdata          c_w.l(sys_io.o)
    0x08007234   0x00000004   Data   RO         3441    .constdata          c_w.l(sys_io.o)
    0x08007238   0x00000008   Data   RO         3523    .constdata          c_w.l(_printf_wctomb.o)
    0x08007240   0x00000028   Data   RO         3552    .constdata          c_w.l(_printf_hex_int_ll_ptr.o)
    0x08007268   0x00000011   Data   RO         3572    .constdata          c_w.l(__printf_flags_ss_wp.o)
    0x08007279   0x00000026   Data   RO         3865    .constdata          c_w.l(_printf_fp_hex.o)
    0x0800729f   0x00000001   PAD
    0x080072a0   0x00000094   Data   RO         3978    .constdata          c_w.l(bigflt0.o)
    0x08007334   0x00000014   Data   RO         2268    .constdata__ZTVNSt6locale5facetE  cpp_ws.l(ios.o)
    0x08007348   0x00000008   Data   RO         2283    .constdata__ZTVSi   cpp_ws.l(ios.o)
    0x08007350   0x00000028   Data   RO         2285    .constdata__ZTVSi   cpp_ws.l(ios.o)
    0x08007378   0x00000008   Data   RO         2286    .constdata__ZTVSo   cpp_ws.l(ios.o)
    0x08007380   0x00000028   Data   RO         2288    .constdata__ZTVSo   cpp_ws.l(ios.o)
    0x080073a8   0x00000034   Data   RO         3140    .constdata__ZTVSt12ctype_bynameIcE  cpp_ws.l(char.o)
    0x080073dc   0x00000040   Data   RO         1721    .constdata__ZTVSt13basic_filebufIcSt11char_traitsIcEE  cpp_ws.l(ios.o)
    0x0800741c   0x00000040   Data   RO         1723    .constdata__ZTVSt13basic_filebufIwSt11char_traitsIwEE  cpp_ws.l(ios.o)
    0x0800745c   0x00000008   Data   RO         2291    .constdata__ZTVSt13basic_istreamIwSt11char_traitsIwEE  cpp_ws.l(ios.o)
    0x08007464   0x00000028   Data   RO         2293    .constdata__ZTVSt13basic_istreamIwSt11char_traitsIwEE  cpp_ws.l(ios.o)
    0x0800748c   0x00000008   Data   RO         2294    .constdata__ZTVSt13basic_ostreamIwSt11char_traitsIwEE  cpp_ws.l(ios.o)
    0x08007494   0x00000028   Data   RO         2296    .constdata__ZTVSt13basic_ostreamIwSt11char_traitsIwEE  cpp_ws.l(ios.o)
    0x080074bc   0x00000014   Data   RO         2710    .constdata__ZTVSt14__rw_exception  cpp_ws.l(rwstdexcept.o)
    0x080074d0   0x00000040   Data   RO         2282    .constdata__ZTVSt15basic_streambufIcSt11char_traitsIcEE  cpp_ws.l(ios.o)
    0x08007510   0x00000040   Data   RO         2290    .constdata__ZTVSt15basic_streambufIwSt11char_traitsIwEE  cpp_ws.l(ios.o)
    0x08007550   0x00000034   Data   RO         3052    .constdata__ZTVSt5ctypeIcE  cpp_ws.l(char.o)
    0x08007584   0x00000044   Data   RO         2272    .constdata__ZTVSt5ctypeIwE  cpp_ws.l(ios.o)
    0x080075c8   0x00000030   Data   RO         2278    .constdata__ZTVSt7codecvtIccSt11__mbstate_tE  cpp_ws.l(ios.o)
    0x080075f8   0x00000030   Data   RO         2280    .constdata__ZTVSt7codecvtIwcSt11__mbstate_tE  cpp_ws.l(ios.o)
    0x08007628   0x00000010   Data   RO         2270    .constdata__ZTVSt8ios_base  cpp_ws.l(ios.o)
    0x08007638   0x00000020   Data   RO         2677    .constdata__ZTVSt8messagesIcE  cpp_ws.l(rwstdexcept.o)
    0x08007658   0x00000010   Data   RO         2274    .constdata__ZTVSt9basic_iosIcSt11char_traitsIcEE  cpp_ws.l(ios.o)
    0x08007668   0x00000010   Data   RO         2276    .constdata__ZTVSt9basic_iosIwSt11char_traitsIwEE  cpp_ws.l(ios.o)
    0x08007678   0x00000014   Data   RO         3407    .constdata__ZTVSt9exception  cpprt_w.l(exception_dtor.o)
    0x0800768c   0x00000001   Data   RO         1724    .constdata__ZZN4__rw24__rw_create_native_facetISt5ctypeIwEEEPT_S4_Es  cpp_ws.l(ios.o)
    0x0800768d   0x00000001   Data   RO         1725    .constdata__ZZN4__rw24__rw_create_native_facetISt7codecvtIccSt11__mbstate_tEEEPT_S5_Es  cpp_ws.l(ios.o)
    0x0800768e   0x00000001   Data   RO         1726    .constdata__ZZN4__rw24__rw_create_native_facetISt7codecvtIwcSt11__mbstate_tEEEPT_S5_Es  cpp_ws.l(ios.o)
    0x0800768f   0x00000001   Data   RO         3249    .constdata__ZZNK4__rw15__rw_locale_imp16_C_category_nameEiEs  cpp_ws.l(locale.o)
    0x08007690   0x00000001   Data   RO           13    .constdata__ZZNSs7replaceEjjPKcjjjEs  main.o
    0x08007691   0x00000001   Data   RO           14    .constdata__ZZNSs9_C_getRepEjjEs  main.o
    0x08007692   0x00000002   Data   RO         2678    .constdata__ZZNSt8messagesIcEC1EjEs  cpp_ws.l(rwstdexcept.o)
    0x08007694   0x00000272   Data   RO         2665    .conststring        cpp_ws.l(rwstdexcept.o)
    0x08007906   0x00000002   PAD
    0x08007908   0x00000000   Data   RO         4177    Region$$Table       anon$$obj.o
    0x08007908   0x00000008   Data   RO         4047    c$$dinf             fz_ws.l(fpconst.o)
    0x08007910   0x00000110   Data   RO         3904    locale$$data        c_w.l(lc_ctype_c.o)
    0x08007a20   0x00000010   Data   RO         4018    locale$$data        c_w.l(null_locale.o)
    0x08007a30   0x0000001c   Data   RO         4022    locale$$data        c_w.l(lc_numeric_c.o)
    0x08007a4c   0x00000004   Data   RO            4    .init_array         main.o
    0x08007a50   0x00000000   Data   RO         1632    .init_array         c_w.l(init_aeabi.o)
    0x08007a50   0x00000004   Data   RO         3043    .init_array         cpp_ws.l(char.o)
    0x08007a54   0x00000004   Data   RO         3232    .init_array         cpp_ws.l(locale.o)
    0x08007a58   0x00000004   Data   RO         3693    .init_array         cpp_ws.l(rwcats.o)


    Execution Region RW_IRAM1 (Base: 0x20000000, Size: 0x00002558, Max: 0x00005000, ABSOLUTE)

    Base Addr    Size         Type   Attr      Idx    E Section Name        Object

    0x20000000   0x00000001   Data   RW            3    .data               main.o
    0x20000001   0x00000003   PAD
    0x20000004   0x0000000c   Data   RW         1703    .data               cpp_ws.l(ios.o)
    0x20000010   0x00000017   Data   RW         2666    .data               cpp_ws.l(rwstdexcept.o)
    0x20000027   0x00000001   PAD
    0x20000028   0x00000004   Data   RW         2926    .data               c_w.l(stdio_streams.o)
    0x2000002c   0x00000004   Data   RW         2927    .data               c_w.l(stdio_streams.o)
    0x20000030   0x00000004   Data   RW         2928    .data               c_w.l(stdio_streams.o)
    0x20000034   0x00000008   Data   RW         3042    .data               cpp_ws.l(char.o)
    0x2000003c   0x0000001c   Data   RW         3231    .data               cpp_ws.l(locale.o)
    0x20000058   0x00000004   Data   RW         3364    .data               cpp_ws.l(rwthrowproc_noex.o)
    0x2000005c   0x00000008   Data   RW         3692    .data               cpp_ws.l(rwcats.o)
    0x20000064   0x00000004   Data   RW         3313    .data__ZZNKSt6locale2id7_C_initEvE9_C_id_gen  cpp_ws.l(locale.o)
    0x20000068   0x0000000c   Data   RW         3362    .data__ZZSt13__rw_get_catsvE11__open_cats  cpp_ws.l(messages.o)
    0x20000074   0x00000004   PAD
    0x20000078   0x00001d30   Zero   RW         1663    .bss                cpp_ws.l(ios.o)
    0x20001da8   0x00000018   Zero   RW         2663    .bss                cpp_ws.l(rwstdexcept.o)
    0x20001dc0   0x00000054   Zero   RW         2923    .bss                c_w.l(stdio_streams.o)
    0x20001e14   0x00000054   Zero   RW         2924    .bss                c_w.l(stdio_streams.o)
    0x20001e68   0x00000054   Zero   RW         2925    .bss                c_w.l(stdio_streams.o)
    0x20001ebc   0x00000060   Zero   RW         3446    .bss                c_w.l(libspace.o)
    0x20001f1c   0x0000002a   Zero   RW         3633    .bss                c_w.l(locale.o)
    0x20001f46   0x00000002   PAD
    0x20001f48   0x00000010   Zero   RW         3766    .bss__ZNSs9__nullrefE  cpp_ws.l(vendor.o)
    0x20001f58   0x00000200   Zero   RW         1563    HEAP                startup_stm32f10x_md.o
    0x20002158   0x00000400   Zero   RW         1562    STACK               startup_stm32f10x_md.o

